ARM GAS  C:\Users\ADMINI~1\AppData\Local\Temp\cc1EWm5S.s 			page 1


   1              		.cpu cortex-m0
   2              		.fpu softvfp
   3              		.eabi_attribute 20, 1
   4              		.eabi_attribute 21, 1
   5              		.eabi_attribute 23, 3
   6              		.eabi_attribute 24, 1
   7              		.eabi_attribute 25, 1
   8              		.eabi_attribute 26, 1
   9              		.eabi_attribute 30, 1
  10              		.eabi_attribute 34, 0
  11              		.eabi_attribute 18, 4
  12              		.code	16
  13              		.file	"cyfitter_cfg.c"
  14              		.text
  15              	.Ltext0:
  16              		.cfi_sections	.debug_frame
  17              		.section	.text.AnalogSetDefault,"ax",%progbits
  18              		.align	2
  19              		.code	16
  20              		.thumb_func
  21              		.type	AnalogSetDefault, %function
  22              	AnalogSetDefault:
  23              	.LFB6:
  24              		.file 1 ".\\Generated_Source\\PSoC4\\cyfitter_cfg.c"
   1:.\Generated_Source\PSoC4/cyfitter_cfg.c **** /*******************************************************************************
   2:.\Generated_Source\PSoC4/cyfitter_cfg.c **** * File Name: cyfitter_cfg.c
   3:.\Generated_Source\PSoC4/cyfitter_cfg.c **** * 
   4:.\Generated_Source\PSoC4/cyfitter_cfg.c **** * PSoC Creator  3.3 CP2
   5:.\Generated_Source\PSoC4/cyfitter_cfg.c **** *
   6:.\Generated_Source\PSoC4/cyfitter_cfg.c **** * Description:
   7:.\Generated_Source\PSoC4/cyfitter_cfg.c **** * This file contains device initialization code.
   8:.\Generated_Source\PSoC4/cyfitter_cfg.c **** * Except for the user defined sections in CyClockStartupError(), this file should not be modified.
   9:.\Generated_Source\PSoC4/cyfitter_cfg.c **** * This file is automatically generated by PSoC Creator.
  10:.\Generated_Source\PSoC4/cyfitter_cfg.c **** *
  11:.\Generated_Source\PSoC4/cyfitter_cfg.c **** ********************************************************************************
  12:.\Generated_Source\PSoC4/cyfitter_cfg.c **** * Copyright (c) 2007-2015 Cypress Semiconductor.  All rights reserved.
  13:.\Generated_Source\PSoC4/cyfitter_cfg.c **** * You may use this file only in accordance with the license, terms, conditions, 
  14:.\Generated_Source\PSoC4/cyfitter_cfg.c **** * disclaimers, and limitations in the end user license agreement accompanying 
  15:.\Generated_Source\PSoC4/cyfitter_cfg.c **** * the software package with which this file was provided.
  16:.\Generated_Source\PSoC4/cyfitter_cfg.c **** ********************************************************************************/
  17:.\Generated_Source\PSoC4/cyfitter_cfg.c **** 
  18:.\Generated_Source\PSoC4/cyfitter_cfg.c **** #include <string.h>
  19:.\Generated_Source\PSoC4/cyfitter_cfg.c **** #include "cytypes.h"
  20:.\Generated_Source\PSoC4/cyfitter_cfg.c **** #include "cydevice_trm.h"
  21:.\Generated_Source\PSoC4/cyfitter_cfg.c **** #include "cyfitter.h"
  22:.\Generated_Source\PSoC4/cyfitter_cfg.c **** #include "CyLib.h"
  23:.\Generated_Source\PSoC4/cyfitter_cfg.c **** #include "CyLFClk.h"
  24:.\Generated_Source\PSoC4/cyfitter_cfg.c **** #include "cyfitter_cfg.h"
  25:.\Generated_Source\PSoC4/cyfitter_cfg.c **** 
  26:.\Generated_Source\PSoC4/cyfitter_cfg.c **** 
  27:.\Generated_Source\PSoC4/cyfitter_cfg.c **** #if defined(__GNUC__) || defined(__ARMCC_VERSION)
  28:.\Generated_Source\PSoC4/cyfitter_cfg.c ****     #define CYPACKED 
  29:.\Generated_Source\PSoC4/cyfitter_cfg.c ****     #define CYPACKED_ATTR __attribute__ ((packed))
  30:.\Generated_Source\PSoC4/cyfitter_cfg.c ****     #define CYALIGNED __attribute__ ((aligned))
  31:.\Generated_Source\PSoC4/cyfitter_cfg.c ****     #define CY_CFG_UNUSED __attribute__ ((unused))
  32:.\Generated_Source\PSoC4/cyfitter_cfg.c ****     #ifndef CY_CFG_SECTION
  33:.\Generated_Source\PSoC4/cyfitter_cfg.c ****         #define CY_CFG_SECTION __attribute__ ((section(".psocinit")))
ARM GAS  C:\Users\ADMINI~1\AppData\Local\Temp\cc1EWm5S.s 			page 2


  34:.\Generated_Source\PSoC4/cyfitter_cfg.c ****     #endif
  35:.\Generated_Source\PSoC4/cyfitter_cfg.c ****     
  36:.\Generated_Source\PSoC4/cyfitter_cfg.c ****     #if defined(__ARMCC_VERSION)
  37:.\Generated_Source\PSoC4/cyfitter_cfg.c ****         #define CY_CFG_MEMORY_BARRIER() __memory_changed()
  38:.\Generated_Source\PSoC4/cyfitter_cfg.c ****     #else
  39:.\Generated_Source\PSoC4/cyfitter_cfg.c ****         #define CY_CFG_MEMORY_BARRIER() __sync_synchronize()
  40:.\Generated_Source\PSoC4/cyfitter_cfg.c ****     #endif
  41:.\Generated_Source\PSoC4/cyfitter_cfg.c ****     
  42:.\Generated_Source\PSoC4/cyfitter_cfg.c **** #elif defined(__ICCARM__)
  43:.\Generated_Source\PSoC4/cyfitter_cfg.c ****     #include <intrinsics.h>
  44:.\Generated_Source\PSoC4/cyfitter_cfg.c **** 
  45:.\Generated_Source\PSoC4/cyfitter_cfg.c ****     #define CYPACKED __packed
  46:.\Generated_Source\PSoC4/cyfitter_cfg.c ****     #define CYPACKED_ATTR 
  47:.\Generated_Source\PSoC4/cyfitter_cfg.c ****     #define CYALIGNED _Pragma("data_alignment=4")
  48:.\Generated_Source\PSoC4/cyfitter_cfg.c ****     #define CY_CFG_UNUSED _Pragma("diag_suppress=Pe177")
  49:.\Generated_Source\PSoC4/cyfitter_cfg.c ****     #define CY_CFG_SECTION _Pragma("location=\".psocinit\"")
  50:.\Generated_Source\PSoC4/cyfitter_cfg.c ****     
  51:.\Generated_Source\PSoC4/cyfitter_cfg.c ****     #define CY_CFG_MEMORY_BARRIER() __DMB()
  52:.\Generated_Source\PSoC4/cyfitter_cfg.c ****     
  53:.\Generated_Source\PSoC4/cyfitter_cfg.c **** #else
  54:.\Generated_Source\PSoC4/cyfitter_cfg.c ****     #error Unsupported toolchain
  55:.\Generated_Source\PSoC4/cyfitter_cfg.c **** #endif
  56:.\Generated_Source\PSoC4/cyfitter_cfg.c **** 
  57:.\Generated_Source\PSoC4/cyfitter_cfg.c **** 
  58:.\Generated_Source\PSoC4/cyfitter_cfg.c **** CY_CFG_UNUSED
  59:.\Generated_Source\PSoC4/cyfitter_cfg.c **** static void CYMEMZERO(void *s, size_t n);
  60:.\Generated_Source\PSoC4/cyfitter_cfg.c **** CY_CFG_UNUSED
  61:.\Generated_Source\PSoC4/cyfitter_cfg.c **** static void CYMEMZERO(void *s, size_t n)
  62:.\Generated_Source\PSoC4/cyfitter_cfg.c **** {
  63:.\Generated_Source\PSoC4/cyfitter_cfg.c **** 	(void)memset(s, 0, n);
  64:.\Generated_Source\PSoC4/cyfitter_cfg.c **** }
  65:.\Generated_Source\PSoC4/cyfitter_cfg.c **** CY_CFG_UNUSED
  66:.\Generated_Source\PSoC4/cyfitter_cfg.c **** static void CYCONFIGCPY(void *dest, const void *src, size_t n);
  67:.\Generated_Source\PSoC4/cyfitter_cfg.c **** CY_CFG_UNUSED
  68:.\Generated_Source\PSoC4/cyfitter_cfg.c **** static void CYCONFIGCPY(void *dest, const void *src, size_t n)
  69:.\Generated_Source\PSoC4/cyfitter_cfg.c **** {
  70:.\Generated_Source\PSoC4/cyfitter_cfg.c **** 	(void)memcpy(dest, src, n);
  71:.\Generated_Source\PSoC4/cyfitter_cfg.c **** }
  72:.\Generated_Source\PSoC4/cyfitter_cfg.c **** CY_CFG_UNUSED
  73:.\Generated_Source\PSoC4/cyfitter_cfg.c **** static void CYCONFIGCPYCODE(void *dest, const void *src, size_t n);
  74:.\Generated_Source\PSoC4/cyfitter_cfg.c **** CY_CFG_UNUSED
  75:.\Generated_Source\PSoC4/cyfitter_cfg.c **** static void CYCONFIGCPYCODE(void *dest, const void *src, size_t n)
  76:.\Generated_Source\PSoC4/cyfitter_cfg.c **** {
  77:.\Generated_Source\PSoC4/cyfitter_cfg.c **** 	(void)memcpy(dest, src, n);
  78:.\Generated_Source\PSoC4/cyfitter_cfg.c **** }
  79:.\Generated_Source\PSoC4/cyfitter_cfg.c **** 
  80:.\Generated_Source\PSoC4/cyfitter_cfg.c **** 
  81:.\Generated_Source\PSoC4/cyfitter_cfg.c **** 
  82:.\Generated_Source\PSoC4/cyfitter_cfg.c **** /* Clock startup error codes                                                   */
  83:.\Generated_Source\PSoC4/cyfitter_cfg.c **** #define CYCLOCKSTART_NO_ERROR    0u
  84:.\Generated_Source\PSoC4/cyfitter_cfg.c **** #define CYCLOCKSTART_XTAL_ERROR  1u
  85:.\Generated_Source\PSoC4/cyfitter_cfg.c **** #define CYCLOCKSTART_32KHZ_ERROR 2u
  86:.\Generated_Source\PSoC4/cyfitter_cfg.c **** #define CYCLOCKSTART_PLL_ERROR   3u
  87:.\Generated_Source\PSoC4/cyfitter_cfg.c **** 
  88:.\Generated_Source\PSoC4/cyfitter_cfg.c **** #ifdef CY_NEED_CYCLOCKSTARTUPERROR
  89:.\Generated_Source\PSoC4/cyfitter_cfg.c **** /*******************************************************************************
  90:.\Generated_Source\PSoC4/cyfitter_cfg.c **** * Function Name: CyClockStartupError
ARM GAS  C:\Users\ADMINI~1\AppData\Local\Temp\cc1EWm5S.s 			page 3


  91:.\Generated_Source\PSoC4/cyfitter_cfg.c **** ********************************************************************************
  92:.\Generated_Source\PSoC4/cyfitter_cfg.c **** * Summary:
  93:.\Generated_Source\PSoC4/cyfitter_cfg.c **** *  If an error is encountered during clock configuration (crystal startup error,
  94:.\Generated_Source\PSoC4/cyfitter_cfg.c **** *  PLL lock error, etc.), the system will end up here.  Unless reimplemented by
  95:.\Generated_Source\PSoC4/cyfitter_cfg.c **** *  the customer, this function will stop in an infinite loop.
  96:.\Generated_Source\PSoC4/cyfitter_cfg.c **** *
  97:.\Generated_Source\PSoC4/cyfitter_cfg.c **** * Parameters:
  98:.\Generated_Source\PSoC4/cyfitter_cfg.c **** *   void
  99:.\Generated_Source\PSoC4/cyfitter_cfg.c **** *
 100:.\Generated_Source\PSoC4/cyfitter_cfg.c **** * Return:
 101:.\Generated_Source\PSoC4/cyfitter_cfg.c **** *   void
 102:.\Generated_Source\PSoC4/cyfitter_cfg.c **** *
 103:.\Generated_Source\PSoC4/cyfitter_cfg.c **** *******************************************************************************/
 104:.\Generated_Source\PSoC4/cyfitter_cfg.c **** CY_CFG_UNUSED
 105:.\Generated_Source\PSoC4/cyfitter_cfg.c **** static void CyClockStartupError(uint8 errorCode);
 106:.\Generated_Source\PSoC4/cyfitter_cfg.c **** CY_CFG_UNUSED
 107:.\Generated_Source\PSoC4/cyfitter_cfg.c **** static void CyClockStartupError(uint8 errorCode)
 108:.\Generated_Source\PSoC4/cyfitter_cfg.c **** {
 109:.\Generated_Source\PSoC4/cyfitter_cfg.c ****     /* To remove the compiler warning if errorCode not used.                */
 110:.\Generated_Source\PSoC4/cyfitter_cfg.c ****     errorCode = errorCode;
 111:.\Generated_Source\PSoC4/cyfitter_cfg.c **** 
 112:.\Generated_Source\PSoC4/cyfitter_cfg.c ****     /* `#START CyClockStartupError` */
 113:.\Generated_Source\PSoC4/cyfitter_cfg.c **** 
 114:.\Generated_Source\PSoC4/cyfitter_cfg.c ****     /* If we have a clock startup error (bad MHz crystal, PLL lock, etc.),  */
 115:.\Generated_Source\PSoC4/cyfitter_cfg.c ****     /* we will end up here to allow the customer to implement something to  */
 116:.\Generated_Source\PSoC4/cyfitter_cfg.c ****     /* deal with the clock condition.                                       */
 117:.\Generated_Source\PSoC4/cyfitter_cfg.c **** 
 118:.\Generated_Source\PSoC4/cyfitter_cfg.c ****     /* `#END` */
 119:.\Generated_Source\PSoC4/cyfitter_cfg.c **** 
 120:.\Generated_Source\PSoC4/cyfitter_cfg.c ****     /* If nothing else, stop here since the clocks have not started         */
 121:.\Generated_Source\PSoC4/cyfitter_cfg.c ****     /* correctly.                                                           */
 122:.\Generated_Source\PSoC4/cyfitter_cfg.c ****     while(1) {}
 123:.\Generated_Source\PSoC4/cyfitter_cfg.c **** }
 124:.\Generated_Source\PSoC4/cyfitter_cfg.c **** #endif
 125:.\Generated_Source\PSoC4/cyfitter_cfg.c **** 
 126:.\Generated_Source\PSoC4/cyfitter_cfg.c **** 
 127:.\Generated_Source\PSoC4/cyfitter_cfg.c **** 
 128:.\Generated_Source\PSoC4/cyfitter_cfg.c **** /*******************************************************************************
 129:.\Generated_Source\PSoC4/cyfitter_cfg.c **** * Function Name: ClockSetup
 130:.\Generated_Source\PSoC4/cyfitter_cfg.c **** ********************************************************************************
 131:.\Generated_Source\PSoC4/cyfitter_cfg.c **** *
 132:.\Generated_Source\PSoC4/cyfitter_cfg.c **** * Summary:
 133:.\Generated_Source\PSoC4/cyfitter_cfg.c **** *   Performs the initialization of all of the clocks in the device based on the
 134:.\Generated_Source\PSoC4/cyfitter_cfg.c **** *   settings in the Clock tab of the DWR.  This includes enabling the requested
 135:.\Generated_Source\PSoC4/cyfitter_cfg.c **** *   clocks and setting the necessary dividers to produce the desired frequency. 
 136:.\Generated_Source\PSoC4/cyfitter_cfg.c **** *
 137:.\Generated_Source\PSoC4/cyfitter_cfg.c **** * Parameters:
 138:.\Generated_Source\PSoC4/cyfitter_cfg.c **** *   void
 139:.\Generated_Source\PSoC4/cyfitter_cfg.c **** *
 140:.\Generated_Source\PSoC4/cyfitter_cfg.c **** * Return:
 141:.\Generated_Source\PSoC4/cyfitter_cfg.c **** *   void
 142:.\Generated_Source\PSoC4/cyfitter_cfg.c **** *
 143:.\Generated_Source\PSoC4/cyfitter_cfg.c **** *******************************************************************************/
 144:.\Generated_Source\PSoC4/cyfitter_cfg.c **** static void ClockSetup(void);
 145:.\Generated_Source\PSoC4/cyfitter_cfg.c **** CY_CFG_SECTION
 146:.\Generated_Source\PSoC4/cyfitter_cfg.c **** static void ClockSetup(void)
 147:.\Generated_Source\PSoC4/cyfitter_cfg.c **** {
ARM GAS  C:\Users\ADMINI~1\AppData\Local\Temp\cc1EWm5S.s 			page 4


 148:.\Generated_Source\PSoC4/cyfitter_cfg.c **** 
 149:.\Generated_Source\PSoC4/cyfitter_cfg.c **** 	/* Set Flash Cycles based on max possible frequency in case a glitch occurs during ClockSetup(). *
 150:.\Generated_Source\PSoC4/cyfitter_cfg.c **** 	CY_SET_REG32((void CYXDATA *)(CYREG_CPUSS_FLASH_CTL), (0x0012u));
 151:.\Generated_Source\PSoC4/cyfitter_cfg.c **** 
 152:.\Generated_Source\PSoC4/cyfitter_cfg.c **** 	/* Start the WCO */
 153:.\Generated_Source\PSoC4/cyfitter_cfg.c **** 	CySysClkWcoStart();
 154:.\Generated_Source\PSoC4/cyfitter_cfg.c **** 	CyDelayCycles(12000000u); /* WCO may take up to 500ms to start */
 155:.\Generated_Source\PSoC4/cyfitter_cfg.c **** 	(void)CySysClkWcoSetPowerMode(CY_SYS_CLK_WCO_LPM);    /* Switch to the low power mode */
 156:.\Generated_Source\PSoC4/cyfitter_cfg.c **** 
 157:.\Generated_Source\PSoC4/cyfitter_cfg.c **** 	/* Setup and trim IMO based on desired frequency. */
 158:.\Generated_Source\PSoC4/cyfitter_cfg.c **** 	CySysClkWriteImoFreq(48u);
 159:.\Generated_Source\PSoC4/cyfitter_cfg.c **** 	/* CYDEV_CLK_ILO_CONFIG Starting address: CYDEV_CLK_ILO_CONFIG */
 160:.\Generated_Source\PSoC4/cyfitter_cfg.c **** 	CY_SET_XTND_REG32((void CYFAR *)(CYREG_CLK_ILO_CONFIG), 0x80000006u);
 161:.\Generated_Source\PSoC4/cyfitter_cfg.c **** 
 162:.\Generated_Source\PSoC4/cyfitter_cfg.c **** 	/* CYDEV_WDT_CONFIG Starting address: CYDEV_WDT_CONFIG */
 163:.\Generated_Source\PSoC4/cyfitter_cfg.c **** 	CY_SET_XTND_REG32((void CYFAR *)(CYREG_WDT_CONFIG), 0x40000000u);
 164:.\Generated_Source\PSoC4/cyfitter_cfg.c **** 
 165:.\Generated_Source\PSoC4/cyfitter_cfg.c **** 
 166:.\Generated_Source\PSoC4/cyfitter_cfg.c **** 	/* Enable fast start mode for XO */
 167:.\Generated_Source\PSoC4/cyfitter_cfg.c **** 	CY_SET_REG32((void*)CYREG_BLE_BLERD_BB_XO, CY_GET_REG32((void*)CYREG_BLE_BLERD_BB_XO) | (uint32)0x
 168:.\Generated_Source\PSoC4/cyfitter_cfg.c **** 	CY_SET_XTND_REG32((void CYFAR *)(CYREG_BLE_BLERD_BB_XO_CAPTRIM), 0x00003E2Du);
 169:.\Generated_Source\PSoC4/cyfitter_cfg.c **** 	/* Disable Crystal Stable Interrupt before enabling ECO */
 170:.\Generated_Source\PSoC4/cyfitter_cfg.c **** 	CY_SET_REG32((void*)CYREG_BLE_BLESS_LL_DSM_CTRL, CY_GET_REG32((void*)CYREG_BLE_BLESS_LL_DSM_CTRL) 
 171:.\Generated_Source\PSoC4/cyfitter_cfg.c **** 	/* Start the ECO and do not check status since it is not needed for HFCLK */
 172:.\Generated_Source\PSoC4/cyfitter_cfg.c **** 	(void)CySysClkEcoStart(2000u);
 173:.\Generated_Source\PSoC4/cyfitter_cfg.c **** 	CyDelayUs(1500u); /* Wait to stabalize */
 174:.\Generated_Source\PSoC4/cyfitter_cfg.c **** 
 175:.\Generated_Source\PSoC4/cyfitter_cfg.c **** 	/* Setup phase aligned clocks */
 176:.\Generated_Source\PSoC4/cyfitter_cfg.c **** 
 177:.\Generated_Source\PSoC4/cyfitter_cfg.c **** 	/* CYDEV_CLK_IMO_CONFIG Starting address: CYDEV_CLK_IMO_CONFIG */
 178:.\Generated_Source\PSoC4/cyfitter_cfg.c **** 	CY_SET_XTND_REG32((void CYFAR *)(CYREG_CLK_IMO_CONFIG), 0x80000000u);
 179:.\Generated_Source\PSoC4/cyfitter_cfg.c **** 
 180:.\Generated_Source\PSoC4/cyfitter_cfg.c **** 	/* CYDEV_CLK_SELECT Starting address: CYDEV_CLK_SELECT */
 181:.\Generated_Source\PSoC4/cyfitter_cfg.c **** 	CY_SET_XTND_REG32((void CYFAR *)(CYREG_CLK_SELECT), 0x00040000u);
 182:.\Generated_Source\PSoC4/cyfitter_cfg.c **** 
 183:.\Generated_Source\PSoC4/cyfitter_cfg.c **** 	(void)CyIntSetVector(8u, &CySysWdtIsr);
 184:.\Generated_Source\PSoC4/cyfitter_cfg.c **** 	CyIntEnable(8u);
 185:.\Generated_Source\PSoC4/cyfitter_cfg.c **** 	CY_SET_XTND_REG32((void CYFAR *)(CYREG_WDT_CONFIG), 0x40000000u);
 186:.\Generated_Source\PSoC4/cyfitter_cfg.c **** }
 187:.\Generated_Source\PSoC4/cyfitter_cfg.c **** 
 188:.\Generated_Source\PSoC4/cyfitter_cfg.c **** 
 189:.\Generated_Source\PSoC4/cyfitter_cfg.c **** /* Analog API Functions */
 190:.\Generated_Source\PSoC4/cyfitter_cfg.c **** 
 191:.\Generated_Source\PSoC4/cyfitter_cfg.c **** 
 192:.\Generated_Source\PSoC4/cyfitter_cfg.c **** /*******************************************************************************
 193:.\Generated_Source\PSoC4/cyfitter_cfg.c **** * Function Name: AnalogSetDefault
 194:.\Generated_Source\PSoC4/cyfitter_cfg.c **** ********************************************************************************
 195:.\Generated_Source\PSoC4/cyfitter_cfg.c **** *
 196:.\Generated_Source\PSoC4/cyfitter_cfg.c **** * Summary:
 197:.\Generated_Source\PSoC4/cyfitter_cfg.c **** *  Sets up the analog portions of the chip to default values based on chip
 198:.\Generated_Source\PSoC4/cyfitter_cfg.c **** *  configuration options from the project.
 199:.\Generated_Source\PSoC4/cyfitter_cfg.c **** *
 200:.\Generated_Source\PSoC4/cyfitter_cfg.c **** * Parameters:
 201:.\Generated_Source\PSoC4/cyfitter_cfg.c **** *  void
 202:.\Generated_Source\PSoC4/cyfitter_cfg.c **** *
 203:.\Generated_Source\PSoC4/cyfitter_cfg.c **** * Return:
 204:.\Generated_Source\PSoC4/cyfitter_cfg.c **** *  void
ARM GAS  C:\Users\ADMINI~1\AppData\Local\Temp\cc1EWm5S.s 			page 5


 205:.\Generated_Source\PSoC4/cyfitter_cfg.c **** *
 206:.\Generated_Source\PSoC4/cyfitter_cfg.c **** *******************************************************************************/
 207:.\Generated_Source\PSoC4/cyfitter_cfg.c **** static void AnalogSetDefault(void);
 208:.\Generated_Source\PSoC4/cyfitter_cfg.c **** static void AnalogSetDefault(void)
 209:.\Generated_Source\PSoC4/cyfitter_cfg.c **** {
  25              		.loc 1 209 0
  26              		.cfi_startproc
 210:.\Generated_Source\PSoC4/cyfitter_cfg.c **** 	CY_SET_XTND_REG32((void CYFAR *)CYREG_CTBM0_DFT_CTRL, 0x00000003u);
  27              		.loc 1 210 0
  28 0000 0323     		mov	r3, #3
  29 0002 044A     		ldr	r2, .L2
  30 0004 1360     		str	r3, [r2]
 211:.\Generated_Source\PSoC4/cyfitter_cfg.c **** 	CY_SET_XTND_REG32((void CYFAR *)CYREG_CTBM1_DFT_CTRL, 0x00000003u);
  31              		.loc 1 211 0
  32 0006 044A     		ldr	r2, .L2+4
  33 0008 1360     		str	r3, [r2]
 212:.\Generated_Source\PSoC4/cyfitter_cfg.c **** 	CY_SET_XTND_REG32((void CYFAR *)CYREG_PASS_DSAB_DSAB_CTRL, 0x00000000u);
  34              		.loc 1 212 0
  35 000a 0022     		mov	r2, #0
  36 000c 034B     		ldr	r3, .L2+8
  37 000e 1A60     		str	r2, [r3]
 213:.\Generated_Source\PSoC4/cyfitter_cfg.c **** }
  38              		.loc 1 213 0
  39              		@ sp needed
  40 0010 7047     		bx	lr
  41              	.L3:
  42 0012 C046     		.align	2
  43              	.L2:
  44 0014 30003040 		.word	1076887600
  45 0018 30003140 		.word	1076953136
  46 001c 000E3F40 		.word	1077874176
  47              		.cfi_endproc
  48              	.LFE6:
  49              		.size	AnalogSetDefault, .-AnalogSetDefault
  50              		.section	.text.CYMEMZERO,"ax",%progbits
  51              		.align	2
  52              		.code	16
  53              		.thumb_func
  54              		.type	CYMEMZERO, %function
  55              	CYMEMZERO:
  56              	.LFB2:
  62:.\Generated_Source\PSoC4/cyfitter_cfg.c **** 	(void)memset(s, 0, n);
  57              		.loc 1 62 0
  58              		.cfi_startproc
  59              	.LVL0:
  60 0000 08B5     		push	{r3, lr}
  61              		.cfi_def_cfa_offset 8
  62              		.cfi_offset 3, -8
  63              		.cfi_offset 14, -4
  64 0002 0A1C     		mov	r2, r1
  63:.\Generated_Source\PSoC4/cyfitter_cfg.c **** }
  65              		.loc 1 63 0
  66 0004 0021     		mov	r1, #0
  67              	.LVL1:
  68 0006 FFF7FEFF 		bl	memset
  69              	.LVL2:
  64:.\Generated_Source\PSoC4/cyfitter_cfg.c **** CY_CFG_UNUSED
ARM GAS  C:\Users\ADMINI~1\AppData\Local\Temp\cc1EWm5S.s 			page 6


  70              		.loc 1 64 0
  71              		@ sp needed
  72 000a 08BD     		pop	{r3, pc}
  73              		.cfi_endproc
  74              	.LFE2:
  75              		.size	CYMEMZERO, .-CYMEMZERO
  76              		.section	.psocinit,"ax",%progbits
  77              		.align	2
  78              		.code	16
  79              		.thumb_func
  80              		.type	ClockSetup, %function
  81              	ClockSetup:
  82              	.LFB5:
 147:.\Generated_Source\PSoC4/cyfitter_cfg.c **** 
  83              		.loc 1 147 0
  84              		.cfi_startproc
  85 0000 38B5     		push	{r3, r4, r5, lr}
  86              		.cfi_def_cfa_offset 16
  87              		.cfi_offset 3, -16
  88              		.cfi_offset 4, -12
  89              		.cfi_offset 5, -8
  90              		.cfi_offset 14, -4
 150:.\Generated_Source\PSoC4/cyfitter_cfg.c **** 
  91              		.loc 1 150 0
  92 0002 1222     		mov	r2, #18
  93 0004 1C4B     		ldr	r3, .L6
  94 0006 1A60     		str	r2, [r3]
 153:.\Generated_Source\PSoC4/cyfitter_cfg.c **** 	CyDelayCycles(12000000u); /* WCO may take up to 500ms to start */
  95              		.loc 1 153 0
  96 0008 FFF7FEFF 		bl	CySysClkWcoStart
  97              	.LVL3:
 154:.\Generated_Source\PSoC4/cyfitter_cfg.c **** 	(void)CySysClkWcoSetPowerMode(CY_SYS_CLK_WCO_LPM);    /* Switch to the low power mode */
  98              		.loc 1 154 0
  99 000c 1B48     		ldr	r0, .L6+4
 100 000e FFF7FEFF 		bl	CyDelayCycles
 101              	.LVL4:
 155:.\Generated_Source\PSoC4/cyfitter_cfg.c **** 
 102              		.loc 1 155 0
 103 0012 0120     		mov	r0, #1
 104 0014 FFF7FEFF 		bl	CySysClkWcoSetPowerMode
 105              	.LVL5:
 158:.\Generated_Source\PSoC4/cyfitter_cfg.c **** 	/* CYDEV_CLK_ILO_CONFIG Starting address: CYDEV_CLK_ILO_CONFIG */
 106              		.loc 1 158 0
 107 0018 3020     		mov	r0, #48
 108 001a FFF7FEFF 		bl	CySysClkWriteImoFreq
 109              	.LVL6:
 160:.\Generated_Source\PSoC4/cyfitter_cfg.c **** 
 110              		.loc 1 160 0
 111 001e 184A     		ldr	r2, .L6+8
 112 0020 184B     		ldr	r3, .L6+12
 113 0022 1A60     		str	r2, [r3]
 163:.\Generated_Source\PSoC4/cyfitter_cfg.c **** 
 114              		.loc 1 163 0
 115 0024 184C     		ldr	r4, .L6+16
 116 0026 8025     		mov	r5, #128
 117 0028 ED05     		lsl	r5, r5, #23
 118 002a 2560     		str	r5, [r4]
ARM GAS  C:\Users\ADMINI~1\AppData\Local\Temp\cc1EWm5S.s 			page 7


 167:.\Generated_Source\PSoC4/cyfitter_cfg.c **** 	CY_SET_XTND_REG32((void CYFAR *)(CYREG_BLE_BLERD_BB_XO_CAPTRIM), 0x00003E2Du);
 119              		.loc 1 167 0
 120 002c 174A     		ldr	r2, .L6+20
 121 002e 1168     		ldr	r1, [r2]
 122 0030 0223     		mov	r3, #2
 123 0032 0B43     		orr	r3, r1
 124 0034 1360     		str	r3, [r2]
 168:.\Generated_Source\PSoC4/cyfitter_cfg.c **** 	/* Disable Crystal Stable Interrupt before enabling ECO */
 125              		.loc 1 168 0
 126 0036 164A     		ldr	r2, .L6+24
 127 0038 164B     		ldr	r3, .L6+28
 128 003a 1A60     		str	r2, [r3]
 170:.\Generated_Source\PSoC4/cyfitter_cfg.c **** 	/* Start the ECO and do not check status since it is not needed for HFCLK */
 129              		.loc 1 170 0
 130 003c 164A     		ldr	r2, .L6+32
 131 003e 1368     		ldr	r3, [r2]
 132 0040 0821     		mov	r1, #8
 133 0042 8B43     		bic	r3, r1
 134 0044 1360     		str	r3, [r2]
 172:.\Generated_Source\PSoC4/cyfitter_cfg.c **** 	CyDelayUs(1500u); /* Wait to stabalize */
 135              		.loc 1 172 0
 136 0046 FA20     		mov	r0, #250
 137 0048 C000     		lsl	r0, r0, #3
 138 004a FFF7FEFF 		bl	CySysClkEcoStart
 139              	.LVL7:
 173:.\Generated_Source\PSoC4/cyfitter_cfg.c **** 
 140              		.loc 1 173 0
 141 004e 1348     		ldr	r0, .L6+36
 142 0050 FFF7FEFF 		bl	CyDelayUs
 143              	.LVL8:
 178:.\Generated_Source\PSoC4/cyfitter_cfg.c **** 
 144              		.loc 1 178 0
 145 0054 8022     		mov	r2, #128
 146 0056 1206     		lsl	r2, r2, #24
 147 0058 114B     		ldr	r3, .L6+40
 148 005a 1A60     		str	r2, [r3]
 181:.\Generated_Source\PSoC4/cyfitter_cfg.c **** 
 149              		.loc 1 181 0
 150 005c 8022     		mov	r2, #128
 151 005e D202     		lsl	r2, r2, #11
 152 0060 104B     		ldr	r3, .L6+44
 153 0062 1A60     		str	r2, [r3]
 183:.\Generated_Source\PSoC4/cyfitter_cfg.c **** 	CyIntEnable(8u);
 154              		.loc 1 183 0
 155 0064 0820     		mov	r0, #8
 156 0066 1049     		ldr	r1, .L6+48
 157 0068 FFF7FEFF 		bl	CyIntSetVector
 158              	.LVL9:
 184:.\Generated_Source\PSoC4/cyfitter_cfg.c **** 	CY_SET_XTND_REG32((void CYFAR *)(CYREG_WDT_CONFIG), 0x40000000u);
 159              		.loc 1 184 0
 160 006c 0820     		mov	r0, #8
 161 006e FFF7FEFF 		bl	CyIntEnable
 162              	.LVL10:
 185:.\Generated_Source\PSoC4/cyfitter_cfg.c **** }
 163              		.loc 1 185 0
 164 0072 2560     		str	r5, [r4]
 186:.\Generated_Source\PSoC4/cyfitter_cfg.c **** 
ARM GAS  C:\Users\ADMINI~1\AppData\Local\Temp\cc1EWm5S.s 			page 8


 165              		.loc 1 186 0
 166              		@ sp needed
 167 0074 38BD     		pop	{r3, r4, r5, pc}
 168              	.L7:
 169 0076 C046     		.align	2
 170              	.L6:
 171 0078 30001040 		.word	1074790448
 172 007c 001BB700 		.word	12000000
 173 0080 06000080 		.word	-2147483642
 174 0084 04010B40 		.word	1074462980
 175 0088 0C020B40 		.word	1074463244
 176 008c 78002E40 		.word	1076756600
 177 0090 2D3E0000 		.word	15917
 178 0094 7C002E40 		.word	1076756604
 179 0098 6CF02E40 		.word	1076818028
 180 009c DC050000 		.word	1500
 181 00a0 08010B40 		.word	1074462984
 182 00a4 00010B40 		.word	1074462976
 183 00a8 00000000 		.word	CySysWdtIsr
 184              		.cfi_endproc
 185              	.LFE5:
 186              		.size	ClockSetup, .-ClockSetup
 187              		.align	2
 188              		.global	cyfitter_cfg
 189              		.code	16
 190              		.thumb_func
 191              		.type	cyfitter_cfg, %function
 192              	cyfitter_cfg:
 193              	.LFB7:
 214:.\Generated_Source\PSoC4/cyfitter_cfg.c **** 
 215:.\Generated_Source\PSoC4/cyfitter_cfg.c **** #define CY_AMUX_UNUSED CYREG_CM0_ROM_DWT
 216:.\Generated_Source\PSoC4/cyfitter_cfg.c **** 
 217:.\Generated_Source\PSoC4/cyfitter_cfg.c **** 
 218:.\Generated_Source\PSoC4/cyfitter_cfg.c **** /*******************************************************************************
 219:.\Generated_Source\PSoC4/cyfitter_cfg.c **** * Function Name: cyfitter_cfg
 220:.\Generated_Source\PSoC4/cyfitter_cfg.c **** ********************************************************************************
 221:.\Generated_Source\PSoC4/cyfitter_cfg.c **** * Summary:
 222:.\Generated_Source\PSoC4/cyfitter_cfg.c **** *  This function is called by the start-up code for the selected device. It
 223:.\Generated_Source\PSoC4/cyfitter_cfg.c **** *  performs all of the necessary device configuration based on the design
 224:.\Generated_Source\PSoC4/cyfitter_cfg.c **** *  settings.  This includes settings from the Design Wide Resources (DWR) such
 225:.\Generated_Source\PSoC4/cyfitter_cfg.c **** *  as Clocks and Pins as well as any component configuration that is necessary.
 226:.\Generated_Source\PSoC4/cyfitter_cfg.c **** *
 227:.\Generated_Source\PSoC4/cyfitter_cfg.c **** * Parameters:  
 228:.\Generated_Source\PSoC4/cyfitter_cfg.c **** *   void
 229:.\Generated_Source\PSoC4/cyfitter_cfg.c **** *
 230:.\Generated_Source\PSoC4/cyfitter_cfg.c **** * Return:
 231:.\Generated_Source\PSoC4/cyfitter_cfg.c **** *   void
 232:.\Generated_Source\PSoC4/cyfitter_cfg.c **** *
 233:.\Generated_Source\PSoC4/cyfitter_cfg.c **** *******************************************************************************/
 234:.\Generated_Source\PSoC4/cyfitter_cfg.c **** CY_CFG_SECTION
 235:.\Generated_Source\PSoC4/cyfitter_cfg.c **** void cyfitter_cfg(void)
 236:.\Generated_Source\PSoC4/cyfitter_cfg.c **** {
 194              		.loc 1 236 0
 195              		.cfi_startproc
 196 00ac 10B5     		push	{r4, lr}
 197              		.cfi_def_cfa_offset 8
 198              		.cfi_offset 4, -8
ARM GAS  C:\Users\ADMINI~1\AppData\Local\Temp\cc1EWm5S.s 			page 9


 199              		.cfi_offset 14, -4
 237:.\Generated_Source\PSoC4/cyfitter_cfg.c **** 	/* Disable interrupts by default. Let user enable if/when they want. */
 238:.\Generated_Source\PSoC4/cyfitter_cfg.c **** 	CyGlobalIntDisable;
 200              		.loc 1 238 0
 201              	@ 238 ".\Generated_Source\PSoC4\cyfitter_cfg.c" 1
 202 00ae 72B6     		CPSID   i
 203              	@ 0 "" 2
 239:.\Generated_Source\PSoC4/cyfitter_cfg.c **** 
 240:.\Generated_Source\PSoC4/cyfitter_cfg.c **** 	CY_SET_XTND_REG32((void CYFAR *)(CYREG_BLE_BLESS_LL_DSM_CTRL), 0x00000000u);
 204              		.loc 1 240 0
 205              		.code	16
 206 00b0 0022     		mov	r2, #0
 207 00b2 1B4B     		ldr	r3, .L11
 208 00b4 1A60     		str	r2, [r3]
 209              	.LVL11:
 210              	.LBB2:
 241:.\Generated_Source\PSoC4/cyfitter_cfg.c **** 
 242:.\Generated_Source\PSoC4/cyfitter_cfg.c **** 	{
 243:.\Generated_Source\PSoC4/cyfitter_cfg.c **** 
 244:.\Generated_Source\PSoC4/cyfitter_cfg.c **** 		CYPACKED typedef struct {
 245:.\Generated_Source\PSoC4/cyfitter_cfg.c **** 			void CYFAR *address;
 246:.\Generated_Source\PSoC4/cyfitter_cfg.c **** 			uint16 size;
 247:.\Generated_Source\PSoC4/cyfitter_cfg.c **** 		} CYPACKED_ATTR cfg_memset_t;
 248:.\Generated_Source\PSoC4/cyfitter_cfg.c **** 
 249:.\Generated_Source\PSoC4/cyfitter_cfg.c **** 		static const cfg_memset_t CYCODE cfg_memset_list [] = {
 250:.\Generated_Source\PSoC4/cyfitter_cfg.c **** 			/* address, size */
 251:.\Generated_Source\PSoC4/cyfitter_cfg.c **** 			{(void CYFAR *)(CYDEV_UDB_P0_U0_BASE), 1024u},
 252:.\Generated_Source\PSoC4/cyfitter_cfg.c **** 			{(void CYFAR *)(CYDEV_UDB_DSI0_BASE), 1024u},
 253:.\Generated_Source\PSoC4/cyfitter_cfg.c **** 		};
 254:.\Generated_Source\PSoC4/cyfitter_cfg.c **** 
 255:.\Generated_Source\PSoC4/cyfitter_cfg.c **** 		uint8 CYDATA i;
 256:.\Generated_Source\PSoC4/cyfitter_cfg.c **** 
 257:.\Generated_Source\PSoC4/cyfitter_cfg.c **** 		/* Zero out critical memory blocks before beginning configuration */
 258:.\Generated_Source\PSoC4/cyfitter_cfg.c **** 		for (i = 0u; i < (sizeof(cfg_memset_list)/sizeof(cfg_memset_list[0])); i++)
 211              		.loc 1 258 0
 212 00b6 0024     		mov	r4, #0
 213 00b8 10E0     		b	.L9
 214              	.LVL12:
 215              	.L10:
 216              	.LBB3:
 259:.\Generated_Source\PSoC4/cyfitter_cfg.c **** 		{
 260:.\Generated_Source\PSoC4/cyfitter_cfg.c **** 			const cfg_memset_t CYCODE * CYDATA ms = &cfg_memset_list[i];
 261:.\Generated_Source\PSoC4/cyfitter_cfg.c **** 			CYMEMZERO(ms->address, (size_t)(uint32)(ms->size));
 217              		.loc 1 261 0 discriminator 3
 218 00ba 1A48     		ldr	r0, .L11+4
 219 00bc 6300     		lsl	r3, r4, #1
 220 00be 1A19     		add	r2, r3, r4
 221 00c0 5200     		lsl	r2, r2, #1
 222 00c2 8218     		add	r2, r0, r2
 223 00c4 9188     		ldrh	r1, [r2, #4]
 224 00c6 1B19     		add	r3, r3, r4
 225 00c8 5B00     		lsl	r3, r3, #1
 226 00ca 1A5A     		ldrh	r2, [r3, r0]
 227 00cc C318     		add	r3, r0, r3
 228 00ce 5888     		ldrh	r0, [r3, #2]
 229 00d0 0004     		lsl	r0, r0, #16
 230 00d2 1043     		orr	r0, r2
ARM GAS  C:\Users\ADMINI~1\AppData\Local\Temp\cc1EWm5S.s 			page 10


 231 00d4 FFF7FEFF 		bl	CYMEMZERO
 232              	.LVL13:
 233              	.LBE3:
 258:.\Generated_Source\PSoC4/cyfitter_cfg.c **** 		{
 234              		.loc 1 258 0 discriminator 3
 235 00d8 0134     		add	r4, r4, #1
 236              	.LVL14:
 237 00da E4B2     		uxtb	r4, r4
 238              	.LVL15:
 239              	.L9:
 258:.\Generated_Source\PSoC4/cyfitter_cfg.c **** 		{
 240              		.loc 1 258 0 is_stmt 0 discriminator 1
 241 00dc 012C     		cmp	r4, #1
 242 00de ECD9     		bls	.L10
 262:.\Generated_Source\PSoC4/cyfitter_cfg.c **** 		}
 263:.\Generated_Source\PSoC4/cyfitter_cfg.c **** 
 264:.\Generated_Source\PSoC4/cyfitter_cfg.c **** 		/* HSIOM Starting address: CYDEV_HSIOM_BASE */
 265:.\Generated_Source\PSoC4/cyfitter_cfg.c **** 		CY_SET_XTND_REG32((void CYFAR *)(CYDEV_HSIOM_BASE), 0xEE000000u);
 243              		.loc 1 265 0 is_stmt 1
 244 00e0 EE22     		mov	r2, #238
 245 00e2 1206     		lsl	r2, r2, #24
 246 00e4 104B     		ldr	r3, .L11+8
 247 00e6 1A60     		str	r2, [r3]
 266:.\Generated_Source\PSoC4/cyfitter_cfg.c **** 
 267:.\Generated_Source\PSoC4/cyfitter_cfg.c **** 		/* UDB_PA_0 Starting address: CYDEV_UDB_PA0_BASE */
 268:.\Generated_Source\PSoC4/cyfitter_cfg.c **** 		CY_SET_XTND_REG32((void CYFAR *)(CYDEV_UDB_PA0_BASE), 0x00990000u);
 248              		.loc 1 268 0
 249 00e8 9922     		mov	r2, #153
 250 00ea 1204     		lsl	r2, r2, #16
 251 00ec 0F4B     		ldr	r3, .L11+12
 252 00ee 1A60     		str	r2, [r3]
 269:.\Generated_Source\PSoC4/cyfitter_cfg.c **** 
 270:.\Generated_Source\PSoC4/cyfitter_cfg.c **** 		/* Enable digital routing */
 271:.\Generated_Source\PSoC4/cyfitter_cfg.c **** 		CY_SET_XTND_REG8((void *)CYREG_UDB_UDBIF_BANK_CTL, CY_GET_XTND_REG8((void *)CYREG_UDB_UDBIF_BANK_
 253              		.loc 1 271 0
 254 00f0 0F4B     		ldr	r3, .L11+16
 255 00f2 1978     		ldrb	r1, [r3]
 256 00f4 0222     		mov	r2, #2
 257 00f6 0A43     		orr	r2, r1
 258 00f8 1A70     		strb	r2, [r3]
 272:.\Generated_Source\PSoC4/cyfitter_cfg.c **** 
 273:.\Generated_Source\PSoC4/cyfitter_cfg.c **** 		/* Enable UDB array */
 274:.\Generated_Source\PSoC4/cyfitter_cfg.c **** 		CY_SET_XTND_REG8((void *)CYREG_UDB_UDBIF_WAIT_CFG, (uint8)((CY_GET_XTND_REG8((void *)CYREG_UDB_UD
 259              		.loc 1 274 0
 260 00fa 0E48     		ldr	r0, .L11+20
 261 00fc 0278     		ldrb	r2, [r0]
 262 00fe 3C21     		mov	r1, #60
 263 0100 8A43     		bic	r2, r1
 264 0102 2839     		sub	r1, r1, #40
 265 0104 0A43     		orr	r2, r1
 266 0106 0270     		strb	r2, [r0]
 275:.\Generated_Source\PSoC4/cyfitter_cfg.c **** 		CY_SET_XTND_REG8((void *)CYREG_UDB_UDBIF_BANK_CTL, (uint8)(CY_GET_XTND_REG8((void *)CYREG_UDB_UDB
 267              		.loc 1 275 0
 268 0108 1978     		ldrb	r1, [r3]
 269 010a 1622     		mov	r2, #22
 270 010c 0A43     		orr	r2, r1
 271 010e 1A70     		strb	r2, [r3]
ARM GAS  C:\Users\ADMINI~1\AppData\Local\Temp\cc1EWm5S.s 			page 11


 272              	.LBE2:
 276:.\Generated_Source\PSoC4/cyfitter_cfg.c **** 	}
 277:.\Generated_Source\PSoC4/cyfitter_cfg.c **** 
 278:.\Generated_Source\PSoC4/cyfitter_cfg.c **** 	/* Perform second pass device configuration. These items must be configured in specific order afte
 279:.\Generated_Source\PSoC4/cyfitter_cfg.c **** 	/* IOPINS0_0 Starting address: CYDEV_GPIO_PRT0_BASE */
 280:.\Generated_Source\PSoC4/cyfitter_cfg.c **** 	CY_SET_XTND_REG32((void CYFAR *)(CYREG_GPIO_PRT0_PC), 0x00D80030u);
 273              		.loc 1 280 0
 274 0110 094A     		ldr	r2, .L11+24
 275 0112 0A4B     		ldr	r3, .L11+28
 276 0114 1A60     		str	r2, [r3]
 281:.\Generated_Source\PSoC4/cyfitter_cfg.c **** 
 282:.\Generated_Source\PSoC4/cyfitter_cfg.c **** 
 283:.\Generated_Source\PSoC4/cyfitter_cfg.c **** 	/* Setup clocks based on selections from Clock DWR */
 284:.\Generated_Source\PSoC4/cyfitter_cfg.c **** 	ClockSetup();
 277              		.loc 1 284 0
 278 0116 FFF773FF 		bl	ClockSetup
 279              	.LVL16:
 285:.\Generated_Source\PSoC4/cyfitter_cfg.c **** 
 286:.\Generated_Source\PSoC4/cyfitter_cfg.c **** 	/* Perform basic analog initialization to defaults */
 287:.\Generated_Source\PSoC4/cyfitter_cfg.c **** 	AnalogSetDefault();
 280              		.loc 1 287 0
 281 011a FFF7FEFF 		bl	AnalogSetDefault
 282              	.LVL17:
 288:.\Generated_Source\PSoC4/cyfitter_cfg.c **** 
 289:.\Generated_Source\PSoC4/cyfitter_cfg.c **** }
 283              		.loc 1 289 0
 284              		@ sp needed
 285              	.LVL18:
 286 011e 10BD     		pop	{r4, pc}
 287              	.L12:
 288              		.align	2
 289              	.L11:
 290 0120 6CF02E40 		.word	1076818028
 291 0124 00000000 		.word	.LANCHOR0
 292 0128 00000240 		.word	1073872896
 293 012c 00500F40 		.word	1074745344
 294 0130 00700F40 		.word	1074753536
 295 0134 01700F40 		.word	1074753537
 296 0138 3000D800 		.word	14155824
 297 013c 08000440 		.word	1074003976
 298              		.cfi_endproc
 299              	.LFE7:
 300              		.size	cyfitter_cfg, .-cyfitter_cfg
 301              		.section	.rodata
 302              		.align	2
 303              		.set	.LANCHOR0,. + 0
 304              		.type	cfg_memset_list.4742, %object
 305              		.size	cfg_memset_list.4742, 12
 306              	cfg_memset_list.4742:
 307 0000 00300F40 		.word	1074737152
 308 0004 0004     		.short	1024
 309 0006 00400F40 		.4byte	1074741248
 310 000a 0004     		.short	1024
 311              		.text
 312              	.Letext0:
 313              		.file 2 "c:\\program files (x86)\\cypress\\psoc creator\\3.3\\psoc creator\\import\\gnu\\arm\\4.9.
 314              		.file 3 ".\\Generated_Source\\PSoC4\\cytypes.h"
ARM GAS  C:\Users\ADMINI~1\AppData\Local\Temp\cc1EWm5S.s 			page 12


 315              		.file 4 ".\\Generated_Source\\PSoC4\\CyLib.h"
 316              		.file 5 ".\\Generated_Source\\PSoC4\\CyLFClk.h"
 317              		.section	.debug_info,"",%progbits
 318              	.Ldebug_info0:
 319 0000 67030000 		.4byte	0x367
 320 0004 0400     		.2byte	0x4
 321 0006 00000000 		.4byte	.Ldebug_abbrev0
 322 000a 04       		.byte	0x4
 323 000b 01       		.uleb128 0x1
 324 000c F3010000 		.4byte	.LASF34
 325 0010 01       		.byte	0x1
 326 0011 94010000 		.4byte	.LASF35
 327 0015 69000000 		.4byte	.LASF36
 328 0019 00000000 		.4byte	.Ldebug_ranges0+0
 329 001d 00000000 		.4byte	0
 330 0021 00000000 		.4byte	.Ldebug_line0
 331 0025 02       		.uleb128 0x2
 332 0026 04       		.byte	0x4
 333 0027 05       		.byte	0x5
 334 0028 696E7400 		.ascii	"int\000"
 335 002c 03       		.uleb128 0x3
 336 002d 14000000 		.4byte	.LASF11
 337 0031 02       		.byte	0x2
 338 0032 D4       		.byte	0xd4
 339 0033 37000000 		.4byte	0x37
 340 0037 04       		.uleb128 0x4
 341 0038 04       		.byte	0x4
 342 0039 07       		.byte	0x7
 343 003a 41010000 		.4byte	.LASF0
 344 003e 04       		.uleb128 0x4
 345 003f 01       		.byte	0x1
 346 0040 06       		.byte	0x6
 347 0041 A9020000 		.4byte	.LASF1
 348 0045 04       		.uleb128 0x4
 349 0046 01       		.byte	0x1
 350 0047 08       		.byte	0x8
 351 0048 02010000 		.4byte	.LASF2
 352 004c 04       		.uleb128 0x4
 353 004d 02       		.byte	0x2
 354 004e 05       		.byte	0x5
 355 004f 81020000 		.4byte	.LASF3
 356 0053 04       		.uleb128 0x4
 357 0054 02       		.byte	0x2
 358 0055 07       		.byte	0x7
 359 0056 56000000 		.4byte	.LASF4
 360 005a 04       		.uleb128 0x4
 361 005b 04       		.byte	0x4
 362 005c 05       		.byte	0x5
 363 005d A0020000 		.4byte	.LASF5
 364 0061 04       		.uleb128 0x4
 365 0062 04       		.byte	0x4
 366 0063 07       		.byte	0x7
 367 0064 CF000000 		.4byte	.LASF6
 368 0068 04       		.uleb128 0x4
 369 0069 08       		.byte	0x8
 370 006a 05       		.byte	0x5
 371 006b C5010000 		.4byte	.LASF7
ARM GAS  C:\Users\ADMINI~1\AppData\Local\Temp\cc1EWm5S.s 			page 13


 372 006f 04       		.uleb128 0x4
 373 0070 08       		.byte	0x8
 374 0071 07       		.byte	0x7
 375 0072 63010000 		.4byte	.LASF8
 376 0076 04       		.uleb128 0x4
 377 0077 04       		.byte	0x4
 378 0078 07       		.byte	0x7
 379 0079 BC010000 		.4byte	.LASF9
 380 007d 05       		.uleb128 0x5
 381 007e 04       		.byte	0x4
 382 007f 06       		.uleb128 0x6
 383 0080 04       		.byte	0x4
 384 0081 85000000 		.4byte	0x85
 385 0085 07       		.uleb128 0x7
 386 0086 04       		.uleb128 0x4
 387 0087 01       		.byte	0x1
 388 0088 08       		.byte	0x8
 389 0089 DD010000 		.4byte	.LASF10
 390 008d 08       		.uleb128 0x8
 391 008e E1000000 		.4byte	.LASF12
 392 0092 03       		.byte	0x3
 393 0093 3801     		.2byte	0x138
 394 0095 45000000 		.4byte	0x45
 395 0099 08       		.uleb128 0x8
 396 009a 2A010000 		.4byte	.LASF13
 397 009e 03       		.byte	0x3
 398 009f 3901     		.2byte	0x139
 399 00a1 53000000 		.4byte	0x53
 400 00a5 08       		.uleb128 0x8
 401 00a6 3A010000 		.4byte	.LASF14
 402 00aa 03       		.byte	0x3
 403 00ab 3A01     		.2byte	0x13a
 404 00ad 61000000 		.4byte	0x61
 405 00b1 04       		.uleb128 0x4
 406 00b2 04       		.byte	0x4
 407 00b3 04       		.byte	0x4
 408 00b4 A7000000 		.4byte	.LASF15
 409 00b8 04       		.uleb128 0x4
 410 00b9 08       		.byte	0x8
 411 00ba 04       		.byte	0x4
 412 00bb 17010000 		.4byte	.LASF16
 413 00bf 08       		.uleb128 0x8
 414 00c0 31010000 		.4byte	.LASF17
 415 00c4 03       		.byte	0x3
 416 00c5 DA01     		.2byte	0x1da
 417 00c7 61000000 		.4byte	0x61
 418 00cb 08       		.uleb128 0x8
 419 00cc CA000000 		.4byte	.LASF18
 420 00d0 03       		.byte	0x3
 421 00d1 E201     		.2byte	0x1e2
 422 00d3 D7000000 		.4byte	0xd7
 423 00d7 09       		.uleb128 0x9
 424 00d8 8D000000 		.4byte	0x8d
 425 00dc 08       		.uleb128 0x8
 426 00dd 0E000000 		.4byte	.LASF19
 427 00e1 03       		.byte	0x3
 428 00e2 E401     		.2byte	0x1e4
ARM GAS  C:\Users\ADMINI~1\AppData\Local\Temp\cc1EWm5S.s 			page 14


 429 00e4 E8000000 		.4byte	0xe8
 430 00e8 09       		.uleb128 0x9
 431 00e9 A5000000 		.4byte	0xa5
 432 00ed 08       		.uleb128 0x8
 433 00ee 7A010000 		.4byte	.LASF20
 434 00f2 03       		.byte	0x3
 435 00f3 F401     		.2byte	0x1f4
 436 00f5 7F000000 		.4byte	0x7f
 437 00f9 0A       		.uleb128 0xa
 438 00fa 1B000000 		.4byte	.LASF37
 439 00fe 01       		.byte	0x1
 440 00ff D0       		.byte	0xd0
 441 0100 00000000 		.4byte	.LFB6
 442 0104 20000000 		.4byte	.LFE6-.LFB6
 443 0108 01       		.uleb128 0x1
 444 0109 9C       		.byte	0x9c
 445 010a 0B       		.uleb128 0xb
 446 010b F8000000 		.4byte	.LASF21
 447 010f 01       		.byte	0x1
 448 0110 3D       		.byte	0x3d
 449 0111 00000000 		.4byte	.LFB2
 450 0115 0C000000 		.4byte	.LFE2-.LFB2
 451 0119 01       		.uleb128 0x1
 452 011a 9C       		.byte	0x9c
 453 011b 57010000 		.4byte	0x157
 454 011f 0C       		.uleb128 0xc
 455 0120 7300     		.ascii	"s\000"
 456 0122 01       		.byte	0x1
 457 0123 3D       		.byte	0x3d
 458 0124 7D000000 		.4byte	0x7d
 459 0128 00000000 		.4byte	.LLST0
 460 012c 0C       		.uleb128 0xc
 461 012d 6E00     		.ascii	"n\000"
 462 012f 01       		.byte	0x1
 463 0130 3D       		.byte	0x3d
 464 0131 2C000000 		.4byte	0x2c
 465 0135 21000000 		.4byte	.LLST1
 466 0139 0D       		.uleb128 0xd
 467 013a 0A000000 		.4byte	.LVL2
 468 013e C2020000 		.4byte	0x2c2
 469 0142 0E       		.uleb128 0xe
 470 0143 01       		.uleb128 0x1
 471 0144 52       		.byte	0x52
 472 0145 03       		.uleb128 0x3
 473 0146 F3       		.byte	0xf3
 474 0147 01       		.uleb128 0x1
 475 0148 51       		.byte	0x51
 476 0149 0E       		.uleb128 0xe
 477 014a 01       		.uleb128 0x1
 478 014b 51       		.byte	0x51
 479 014c 01       		.uleb128 0x1
 480 014d 30       		.byte	0x30
 481 014e 0E       		.uleb128 0xe
 482 014f 01       		.uleb128 0x1
 483 0150 50       		.byte	0x50
 484 0151 03       		.uleb128 0x3
 485 0152 F3       		.byte	0xf3
ARM GAS  C:\Users\ADMINI~1\AppData\Local\Temp\cc1EWm5S.s 			page 15


 486 0153 01       		.uleb128 0x1
 487 0154 50       		.byte	0x50
 488 0155 00       		.byte	0
 489 0156 00       		.byte	0
 490 0157 0B       		.uleb128 0xb
 491 0158 4B000000 		.4byte	.LASF22
 492 015c 01       		.byte	0x1
 493 015d 92       		.byte	0x92
 494 015e 00000000 		.4byte	.LFB5
 495 0162 AC000000 		.4byte	.LFE5-.LFB5
 496 0166 01       		.uleb128 0x1
 497 0167 9C       		.byte	0x9c
 498 0168 00020000 		.4byte	0x200
 499 016c 0F       		.uleb128 0xf
 500 016d 0C000000 		.4byte	.LVL3
 501 0171 DF020000 		.4byte	0x2df
 502 0175 10       		.uleb128 0x10
 503 0176 12000000 		.4byte	.LVL4
 504 017a E6020000 		.4byte	0x2e6
 505 017e 8C010000 		.4byte	0x18c
 506 0182 0E       		.uleb128 0xe
 507 0183 01       		.uleb128 0x1
 508 0184 50       		.byte	0x50
 509 0185 05       		.uleb128 0x5
 510 0186 0C       		.byte	0xc
 511 0187 001BB700 		.4byte	0xb71b00
 512 018b 00       		.byte	0
 513 018c 10       		.uleb128 0x10
 514 018d 18000000 		.4byte	.LVL5
 515 0191 F7020000 		.4byte	0x2f7
 516 0195 9F010000 		.4byte	0x19f
 517 0199 0E       		.uleb128 0xe
 518 019a 01       		.uleb128 0x1
 519 019b 50       		.byte	0x50
 520 019c 01       		.uleb128 0x1
 521 019d 31       		.byte	0x31
 522 019e 00       		.byte	0
 523 019f 10       		.uleb128 0x10
 524 01a0 1E000000 		.4byte	.LVL6
 525 01a4 0C030000 		.4byte	0x30c
 526 01a8 B3010000 		.4byte	0x1b3
 527 01ac 0E       		.uleb128 0xe
 528 01ad 01       		.uleb128 0x1
 529 01ae 50       		.byte	0x50
 530 01af 02       		.uleb128 0x2
 531 01b0 08       		.byte	0x8
 532 01b1 30       		.byte	0x30
 533 01b2 00       		.byte	0
 534 01b3 10       		.uleb128 0x10
 535 01b4 4E000000 		.4byte	.LVL7
 536 01b8 1D030000 		.4byte	0x31d
 537 01bc C8010000 		.4byte	0x1c8
 538 01c0 0E       		.uleb128 0xe
 539 01c1 01       		.uleb128 0x1
 540 01c2 50       		.byte	0x50
 541 01c3 03       		.uleb128 0x3
 542 01c4 0A       		.byte	0xa
ARM GAS  C:\Users\ADMINI~1\AppData\Local\Temp\cc1EWm5S.s 			page 16


 543 01c5 D007     		.2byte	0x7d0
 544 01c7 00       		.byte	0
 545 01c8 10       		.uleb128 0x10
 546 01c9 54000000 		.4byte	.LVL8
 547 01cd 32030000 		.4byte	0x332
 548 01d1 DD010000 		.4byte	0x1dd
 549 01d5 0E       		.uleb128 0xe
 550 01d6 01       		.uleb128 0x1
 551 01d7 50       		.byte	0x50
 552 01d8 03       		.uleb128 0x3
 553 01d9 0A       		.byte	0xa
 554 01da DC05     		.2byte	0x5dc
 555 01dc 00       		.byte	0
 556 01dd 10       		.uleb128 0x10
 557 01de 6C000000 		.4byte	.LVL9
 558 01e2 43030000 		.4byte	0x343
 559 01e6 F0010000 		.4byte	0x1f0
 560 01ea 0E       		.uleb128 0xe
 561 01eb 01       		.uleb128 0x1
 562 01ec 50       		.byte	0x50
 563 01ed 01       		.uleb128 0x1
 564 01ee 38       		.byte	0x38
 565 01ef 00       		.byte	0
 566 01f0 0D       		.uleb128 0xd
 567 01f1 72000000 		.4byte	.LVL10
 568 01f5 5D030000 		.4byte	0x35d
 569 01f9 0E       		.uleb128 0xe
 570 01fa 01       		.uleb128 0x1
 571 01fb 50       		.byte	0x50
 572 01fc 01       		.uleb128 0x1
 573 01fd 38       		.byte	0x38
 574 01fe 00       		.byte	0
 575 01ff 00       		.byte	0
 576 0200 11       		.uleb128 0x11
 577 0201 4E010000 		.4byte	.LASF38
 578 0205 01       		.byte	0x1
 579 0206 EB       		.byte	0xeb
 580 0207 AC000000 		.4byte	.LFB7
 581 020b 94000000 		.4byte	.LFE7-.LFB7
 582 020f 01       		.uleb128 0x1
 583 0210 9C       		.byte	0x9c
 584 0211 C2020000 		.4byte	0x2c2
 585 0215 12       		.uleb128 0x12
 586 0216 B6000000 		.4byte	.LBB2
 587 021a 5A000000 		.4byte	.LBE2-.LBB2
 588 021e AF020000 		.4byte	0x2af
 589 0222 13       		.uleb128 0x13
 590 0223 06       		.byte	0x6
 591 0224 01       		.byte	0x1
 592 0225 F4       		.byte	0xf4
 593 0226 43020000 		.4byte	0x243
 594 022a 14       		.uleb128 0x14
 595 022b 5B010000 		.4byte	.LASF23
 596 022f 01       		.byte	0x1
 597 0230 F5       		.byte	0xf5
 598 0231 7D000000 		.4byte	0x7d
 599 0235 00       		.byte	0
ARM GAS  C:\Users\ADMINI~1\AppData\Local\Temp\cc1EWm5S.s 			page 17


 600 0236 14       		.uleb128 0x14
 601 0237 AD000000 		.4byte	.LASF24
 602 023b 01       		.byte	0x1
 603 023c F6       		.byte	0xf6
 604 023d 99000000 		.4byte	0x99
 605 0241 04       		.byte	0x4
 606 0242 00       		.byte	0
 607 0243 03       		.uleb128 0x3
 608 0244 87010000 		.4byte	.LASF25
 609 0248 01       		.byte	0x1
 610 0249 F7       		.byte	0xf7
 611 024a 22020000 		.4byte	0x222
 612 024e 15       		.uleb128 0x15
 613 024f 43020000 		.4byte	0x243
 614 0253 5E020000 		.4byte	0x25e
 615 0257 16       		.uleb128 0x16
 616 0258 76000000 		.4byte	0x76
 617 025c 01       		.byte	0x1
 618 025d 00       		.byte	0
 619 025e 17       		.uleb128 0x17
 620 025f 3B000000 		.4byte	.LASF26
 621 0263 01       		.byte	0x1
 622 0264 F9       		.byte	0xf9
 623 0265 6F020000 		.4byte	0x26f
 624 0269 05       		.uleb128 0x5
 625 026a 03       		.byte	0x3
 626 026b 00000000 		.4byte	cfg_memset_list.4742
 627 026f 18       		.uleb128 0x18
 628 0270 4E020000 		.4byte	0x24e
 629 0274 19       		.uleb128 0x19
 630 0275 6900     		.ascii	"i\000"
 631 0277 01       		.byte	0x1
 632 0278 FF       		.byte	0xff
 633 0279 8D000000 		.4byte	0x8d
 634 027d 4D000000 		.4byte	.LLST2
 635 0281 1A       		.uleb128 0x1a
 636 0282 BA000000 		.4byte	.LBB3
 637 0286 1E000000 		.4byte	.LBE3-.LBB3
 638 028a 1B       		.uleb128 0x1b
 639 028b 6D7300   		.ascii	"ms\000"
 640 028e 01       		.byte	0x1
 641 028f 0401     		.2byte	0x104
 642 0291 99020000 		.4byte	0x299
 643 0295 77000000 		.4byte	.LLST3
 644 0299 06       		.uleb128 0x6
 645 029a 04       		.byte	0x4
 646 029b 9F020000 		.4byte	0x29f
 647 029f 18       		.uleb128 0x18
 648 02a0 43020000 		.4byte	0x243
 649 02a4 0F       		.uleb128 0xf
 650 02a5 D8000000 		.4byte	.LVL13
 651 02a9 0A010000 		.4byte	0x10a
 652 02ad 00       		.byte	0
 653 02ae 00       		.byte	0
 654 02af 0F       		.uleb128 0xf
 655 02b0 1A010000 		.4byte	.LVL16
 656 02b4 57010000 		.4byte	0x157
ARM GAS  C:\Users\ADMINI~1\AppData\Local\Temp\cc1EWm5S.s 			page 18


 657 02b8 0F       		.uleb128 0xf
 658 02b9 1E010000 		.4byte	.LVL17
 659 02bd F9000000 		.4byte	0xf9
 660 02c1 00       		.byte	0
 661 02c2 1C       		.uleb128 0x1c
 662 02c3 10010000 		.4byte	.LASF27
 663 02c7 7D000000 		.4byte	0x7d
 664 02cb DF020000 		.4byte	0x2df
 665 02cf 1D       		.uleb128 0x1d
 666 02d0 7D000000 		.4byte	0x7d
 667 02d4 1D       		.uleb128 0x1d
 668 02d5 25000000 		.4byte	0x25
 669 02d9 1D       		.uleb128 0x1d
 670 02da 76000000 		.4byte	0x76
 671 02de 00       		.byte	0
 672 02df 1E       		.uleb128 0x1e
 673 02e0 E7000000 		.4byte	.LASF39
 674 02e4 05       		.byte	0x5
 675 02e5 25       		.byte	0x25
 676 02e6 1F       		.uleb128 0x1f
 677 02e7 00000000 		.4byte	.LASF28
 678 02eb 04       		.byte	0x4
 679 02ec 5D       		.byte	0x5d
 680 02ed F7020000 		.4byte	0x2f7
 681 02f1 1D       		.uleb128 0x1d
 682 02f2 A5000000 		.4byte	0xa5
 683 02f6 00       		.byte	0
 684 02f7 20       		.uleb128 0x20
 685 02f8 B2000000 		.4byte	.LASF30
 686 02fc 05       		.byte	0x5
 687 02fd 27       		.byte	0x27
 688 02fe A5000000 		.4byte	0xa5
 689 0302 0C030000 		.4byte	0x30c
 690 0306 1D       		.uleb128 0x1d
 691 0307 A5000000 		.4byte	0xa5
 692 030b 00       		.byte	0
 693 030c 1F       		.uleb128 0x1f
 694 030d 8B020000 		.4byte	.LASF29
 695 0311 04       		.byte	0x4
 696 0312 38       		.byte	0x38
 697 0313 1D030000 		.4byte	0x31d
 698 0317 1D       		.uleb128 0x1d
 699 0318 A5000000 		.4byte	0xa5
 700 031c 00       		.byte	0
 701 031d 20       		.uleb128 0x20
 702 031e E2010000 		.4byte	.LASF31
 703 0322 04       		.byte	0x4
 704 0323 87       		.byte	0x87
 705 0324 BF000000 		.4byte	0xbf
 706 0328 32030000 		.4byte	0x332
 707 032c 1D       		.uleb128 0x1d
 708 032d A5000000 		.4byte	0xa5
 709 0331 00       		.byte	0
 710 0332 1F       		.uleb128 0x1f
 711 0333 D3010000 		.4byte	.LASF32
 712 0337 04       		.byte	0x4
 713 0338 5B       		.byte	0x5b
ARM GAS  C:\Users\ADMINI~1\AppData\Local\Temp\cc1EWm5S.s 			page 19


 714 0339 43030000 		.4byte	0x343
 715 033d 1D       		.uleb128 0x1d
 716 033e 99000000 		.4byte	0x99
 717 0342 00       		.byte	0
 718 0343 20       		.uleb128 0x20
 719 0344 2C000000 		.4byte	.LASF33
 720 0348 04       		.byte	0x4
 721 0349 49       		.byte	0x49
 722 034a ED000000 		.4byte	0xed
 723 034e 5D030000 		.4byte	0x35d
 724 0352 1D       		.uleb128 0x1d
 725 0353 8D000000 		.4byte	0x8d
 726 0357 1D       		.uleb128 0x1d
 727 0358 ED000000 		.4byte	0xed
 728 035c 00       		.byte	0
 729 035d 21       		.uleb128 0x21
 730 035e 1E010000 		.4byte	.LASF40
 731 0362 04       		.byte	0x4
 732 0363 4F       		.byte	0x4f
 733 0364 1D       		.uleb128 0x1d
 734 0365 8D000000 		.4byte	0x8d
 735 0369 00       		.byte	0
 736 036a 00       		.byte	0
 737              		.section	.debug_abbrev,"",%progbits
 738              	.Ldebug_abbrev0:
 739 0000 01       		.uleb128 0x1
 740 0001 11       		.uleb128 0x11
 741 0002 01       		.byte	0x1
 742 0003 25       		.uleb128 0x25
 743 0004 0E       		.uleb128 0xe
 744 0005 13       		.uleb128 0x13
 745 0006 0B       		.uleb128 0xb
 746 0007 03       		.uleb128 0x3
 747 0008 0E       		.uleb128 0xe
 748 0009 1B       		.uleb128 0x1b
 749 000a 0E       		.uleb128 0xe
 750 000b 55       		.uleb128 0x55
 751 000c 17       		.uleb128 0x17
 752 000d 11       		.uleb128 0x11
 753 000e 01       		.uleb128 0x1
 754 000f 10       		.uleb128 0x10
 755 0010 17       		.uleb128 0x17
 756 0011 00       		.byte	0
 757 0012 00       		.byte	0
 758 0013 02       		.uleb128 0x2
 759 0014 24       		.uleb128 0x24
 760 0015 00       		.byte	0
 761 0016 0B       		.uleb128 0xb
 762 0017 0B       		.uleb128 0xb
 763 0018 3E       		.uleb128 0x3e
 764 0019 0B       		.uleb128 0xb
 765 001a 03       		.uleb128 0x3
 766 001b 08       		.uleb128 0x8
 767 001c 00       		.byte	0
 768 001d 00       		.byte	0
 769 001e 03       		.uleb128 0x3
 770 001f 16       		.uleb128 0x16
ARM GAS  C:\Users\ADMINI~1\AppData\Local\Temp\cc1EWm5S.s 			page 20


 771 0020 00       		.byte	0
 772 0021 03       		.uleb128 0x3
 773 0022 0E       		.uleb128 0xe
 774 0023 3A       		.uleb128 0x3a
 775 0024 0B       		.uleb128 0xb
 776 0025 3B       		.uleb128 0x3b
 777 0026 0B       		.uleb128 0xb
 778 0027 49       		.uleb128 0x49
 779 0028 13       		.uleb128 0x13
 780 0029 00       		.byte	0
 781 002a 00       		.byte	0
 782 002b 04       		.uleb128 0x4
 783 002c 24       		.uleb128 0x24
 784 002d 00       		.byte	0
 785 002e 0B       		.uleb128 0xb
 786 002f 0B       		.uleb128 0xb
 787 0030 3E       		.uleb128 0x3e
 788 0031 0B       		.uleb128 0xb
 789 0032 03       		.uleb128 0x3
 790 0033 0E       		.uleb128 0xe
 791 0034 00       		.byte	0
 792 0035 00       		.byte	0
 793 0036 05       		.uleb128 0x5
 794 0037 0F       		.uleb128 0xf
 795 0038 00       		.byte	0
 796 0039 0B       		.uleb128 0xb
 797 003a 0B       		.uleb128 0xb
 798 003b 00       		.byte	0
 799 003c 00       		.byte	0
 800 003d 06       		.uleb128 0x6
 801 003e 0F       		.uleb128 0xf
 802 003f 00       		.byte	0
 803 0040 0B       		.uleb128 0xb
 804 0041 0B       		.uleb128 0xb
 805 0042 49       		.uleb128 0x49
 806 0043 13       		.uleb128 0x13
 807 0044 00       		.byte	0
 808 0045 00       		.byte	0
 809 0046 07       		.uleb128 0x7
 810 0047 15       		.uleb128 0x15
 811 0048 00       		.byte	0
 812 0049 27       		.uleb128 0x27
 813 004a 19       		.uleb128 0x19
 814 004b 00       		.byte	0
 815 004c 00       		.byte	0
 816 004d 08       		.uleb128 0x8
 817 004e 16       		.uleb128 0x16
 818 004f 00       		.byte	0
 819 0050 03       		.uleb128 0x3
 820 0051 0E       		.uleb128 0xe
 821 0052 3A       		.uleb128 0x3a
 822 0053 0B       		.uleb128 0xb
 823 0054 3B       		.uleb128 0x3b
 824 0055 05       		.uleb128 0x5
 825 0056 49       		.uleb128 0x49
 826 0057 13       		.uleb128 0x13
 827 0058 00       		.byte	0
ARM GAS  C:\Users\ADMINI~1\AppData\Local\Temp\cc1EWm5S.s 			page 21


 828 0059 00       		.byte	0
 829 005a 09       		.uleb128 0x9
 830 005b 35       		.uleb128 0x35
 831 005c 00       		.byte	0
 832 005d 49       		.uleb128 0x49
 833 005e 13       		.uleb128 0x13
 834 005f 00       		.byte	0
 835 0060 00       		.byte	0
 836 0061 0A       		.uleb128 0xa
 837 0062 2E       		.uleb128 0x2e
 838 0063 00       		.byte	0
 839 0064 03       		.uleb128 0x3
 840 0065 0E       		.uleb128 0xe
 841 0066 3A       		.uleb128 0x3a
 842 0067 0B       		.uleb128 0xb
 843 0068 3B       		.uleb128 0x3b
 844 0069 0B       		.uleb128 0xb
 845 006a 27       		.uleb128 0x27
 846 006b 19       		.uleb128 0x19
 847 006c 11       		.uleb128 0x11
 848 006d 01       		.uleb128 0x1
 849 006e 12       		.uleb128 0x12
 850 006f 06       		.uleb128 0x6
 851 0070 40       		.uleb128 0x40
 852 0071 18       		.uleb128 0x18
 853 0072 9742     		.uleb128 0x2117
 854 0074 19       		.uleb128 0x19
 855 0075 00       		.byte	0
 856 0076 00       		.byte	0
 857 0077 0B       		.uleb128 0xb
 858 0078 2E       		.uleb128 0x2e
 859 0079 01       		.byte	0x1
 860 007a 03       		.uleb128 0x3
 861 007b 0E       		.uleb128 0xe
 862 007c 3A       		.uleb128 0x3a
 863 007d 0B       		.uleb128 0xb
 864 007e 3B       		.uleb128 0x3b
 865 007f 0B       		.uleb128 0xb
 866 0080 27       		.uleb128 0x27
 867 0081 19       		.uleb128 0x19
 868 0082 11       		.uleb128 0x11
 869 0083 01       		.uleb128 0x1
 870 0084 12       		.uleb128 0x12
 871 0085 06       		.uleb128 0x6
 872 0086 40       		.uleb128 0x40
 873 0087 18       		.uleb128 0x18
 874 0088 9742     		.uleb128 0x2117
 875 008a 19       		.uleb128 0x19
 876 008b 01       		.uleb128 0x1
 877 008c 13       		.uleb128 0x13
 878 008d 00       		.byte	0
 879 008e 00       		.byte	0
 880 008f 0C       		.uleb128 0xc
 881 0090 05       		.uleb128 0x5
 882 0091 00       		.byte	0
 883 0092 03       		.uleb128 0x3
 884 0093 08       		.uleb128 0x8
ARM GAS  C:\Users\ADMINI~1\AppData\Local\Temp\cc1EWm5S.s 			page 22


 885 0094 3A       		.uleb128 0x3a
 886 0095 0B       		.uleb128 0xb
 887 0096 3B       		.uleb128 0x3b
 888 0097 0B       		.uleb128 0xb
 889 0098 49       		.uleb128 0x49
 890 0099 13       		.uleb128 0x13
 891 009a 02       		.uleb128 0x2
 892 009b 17       		.uleb128 0x17
 893 009c 00       		.byte	0
 894 009d 00       		.byte	0
 895 009e 0D       		.uleb128 0xd
 896 009f 898201   		.uleb128 0x4109
 897 00a2 01       		.byte	0x1
 898 00a3 11       		.uleb128 0x11
 899 00a4 01       		.uleb128 0x1
 900 00a5 31       		.uleb128 0x31
 901 00a6 13       		.uleb128 0x13
 902 00a7 00       		.byte	0
 903 00a8 00       		.byte	0
 904 00a9 0E       		.uleb128 0xe
 905 00aa 8A8201   		.uleb128 0x410a
 906 00ad 00       		.byte	0
 907 00ae 02       		.uleb128 0x2
 908 00af 18       		.uleb128 0x18
 909 00b0 9142     		.uleb128 0x2111
 910 00b2 18       		.uleb128 0x18
 911 00b3 00       		.byte	0
 912 00b4 00       		.byte	0
 913 00b5 0F       		.uleb128 0xf
 914 00b6 898201   		.uleb128 0x4109
 915 00b9 00       		.byte	0
 916 00ba 11       		.uleb128 0x11
 917 00bb 01       		.uleb128 0x1
 918 00bc 31       		.uleb128 0x31
 919 00bd 13       		.uleb128 0x13
 920 00be 00       		.byte	0
 921 00bf 00       		.byte	0
 922 00c0 10       		.uleb128 0x10
 923 00c1 898201   		.uleb128 0x4109
 924 00c4 01       		.byte	0x1
 925 00c5 11       		.uleb128 0x11
 926 00c6 01       		.uleb128 0x1
 927 00c7 31       		.uleb128 0x31
 928 00c8 13       		.uleb128 0x13
 929 00c9 01       		.uleb128 0x1
 930 00ca 13       		.uleb128 0x13
 931 00cb 00       		.byte	0
 932 00cc 00       		.byte	0
 933 00cd 11       		.uleb128 0x11
 934 00ce 2E       		.uleb128 0x2e
 935 00cf 01       		.byte	0x1
 936 00d0 3F       		.uleb128 0x3f
 937 00d1 19       		.uleb128 0x19
 938 00d2 03       		.uleb128 0x3
 939 00d3 0E       		.uleb128 0xe
 940 00d4 3A       		.uleb128 0x3a
 941 00d5 0B       		.uleb128 0xb
ARM GAS  C:\Users\ADMINI~1\AppData\Local\Temp\cc1EWm5S.s 			page 23


 942 00d6 3B       		.uleb128 0x3b
 943 00d7 0B       		.uleb128 0xb
 944 00d8 27       		.uleb128 0x27
 945 00d9 19       		.uleb128 0x19
 946 00da 11       		.uleb128 0x11
 947 00db 01       		.uleb128 0x1
 948 00dc 12       		.uleb128 0x12
 949 00dd 06       		.uleb128 0x6
 950 00de 40       		.uleb128 0x40
 951 00df 18       		.uleb128 0x18
 952 00e0 9742     		.uleb128 0x2117
 953 00e2 19       		.uleb128 0x19
 954 00e3 01       		.uleb128 0x1
 955 00e4 13       		.uleb128 0x13
 956 00e5 00       		.byte	0
 957 00e6 00       		.byte	0
 958 00e7 12       		.uleb128 0x12
 959 00e8 0B       		.uleb128 0xb
 960 00e9 01       		.byte	0x1
 961 00ea 11       		.uleb128 0x11
 962 00eb 01       		.uleb128 0x1
 963 00ec 12       		.uleb128 0x12
 964 00ed 06       		.uleb128 0x6
 965 00ee 01       		.uleb128 0x1
 966 00ef 13       		.uleb128 0x13
 967 00f0 00       		.byte	0
 968 00f1 00       		.byte	0
 969 00f2 13       		.uleb128 0x13
 970 00f3 13       		.uleb128 0x13
 971 00f4 01       		.byte	0x1
 972 00f5 0B       		.uleb128 0xb
 973 00f6 0B       		.uleb128 0xb
 974 00f7 3A       		.uleb128 0x3a
 975 00f8 0B       		.uleb128 0xb
 976 00f9 3B       		.uleb128 0x3b
 977 00fa 0B       		.uleb128 0xb
 978 00fb 01       		.uleb128 0x1
 979 00fc 13       		.uleb128 0x13
 980 00fd 00       		.byte	0
 981 00fe 00       		.byte	0
 982 00ff 14       		.uleb128 0x14
 983 0100 0D       		.uleb128 0xd
 984 0101 00       		.byte	0
 985 0102 03       		.uleb128 0x3
 986 0103 0E       		.uleb128 0xe
 987 0104 3A       		.uleb128 0x3a
 988 0105 0B       		.uleb128 0xb
 989 0106 3B       		.uleb128 0x3b
 990 0107 0B       		.uleb128 0xb
 991 0108 49       		.uleb128 0x49
 992 0109 13       		.uleb128 0x13
 993 010a 38       		.uleb128 0x38
 994 010b 0B       		.uleb128 0xb
 995 010c 00       		.byte	0
 996 010d 00       		.byte	0
 997 010e 15       		.uleb128 0x15
 998 010f 01       		.uleb128 0x1
ARM GAS  C:\Users\ADMINI~1\AppData\Local\Temp\cc1EWm5S.s 			page 24


 999 0110 01       		.byte	0x1
 1000 0111 49       		.uleb128 0x49
 1001 0112 13       		.uleb128 0x13
 1002 0113 01       		.uleb128 0x1
 1003 0114 13       		.uleb128 0x13
 1004 0115 00       		.byte	0
 1005 0116 00       		.byte	0
 1006 0117 16       		.uleb128 0x16
 1007 0118 21       		.uleb128 0x21
 1008 0119 00       		.byte	0
 1009 011a 49       		.uleb128 0x49
 1010 011b 13       		.uleb128 0x13
 1011 011c 2F       		.uleb128 0x2f
 1012 011d 0B       		.uleb128 0xb
 1013 011e 00       		.byte	0
 1014 011f 00       		.byte	0
 1015 0120 17       		.uleb128 0x17
 1016 0121 34       		.uleb128 0x34
 1017 0122 00       		.byte	0
 1018 0123 03       		.uleb128 0x3
 1019 0124 0E       		.uleb128 0xe
 1020 0125 3A       		.uleb128 0x3a
 1021 0126 0B       		.uleb128 0xb
 1022 0127 3B       		.uleb128 0x3b
 1023 0128 0B       		.uleb128 0xb
 1024 0129 49       		.uleb128 0x49
 1025 012a 13       		.uleb128 0x13
 1026 012b 02       		.uleb128 0x2
 1027 012c 18       		.uleb128 0x18
 1028 012d 00       		.byte	0
 1029 012e 00       		.byte	0
 1030 012f 18       		.uleb128 0x18
 1031 0130 26       		.uleb128 0x26
 1032 0131 00       		.byte	0
 1033 0132 49       		.uleb128 0x49
 1034 0133 13       		.uleb128 0x13
 1035 0134 00       		.byte	0
 1036 0135 00       		.byte	0
 1037 0136 19       		.uleb128 0x19
 1038 0137 34       		.uleb128 0x34
 1039 0138 00       		.byte	0
 1040 0139 03       		.uleb128 0x3
 1041 013a 08       		.uleb128 0x8
 1042 013b 3A       		.uleb128 0x3a
 1043 013c 0B       		.uleb128 0xb
 1044 013d 3B       		.uleb128 0x3b
 1045 013e 0B       		.uleb128 0xb
 1046 013f 49       		.uleb128 0x49
 1047 0140 13       		.uleb128 0x13
 1048 0141 02       		.uleb128 0x2
 1049 0142 17       		.uleb128 0x17
 1050 0143 00       		.byte	0
 1051 0144 00       		.byte	0
 1052 0145 1A       		.uleb128 0x1a
 1053 0146 0B       		.uleb128 0xb
 1054 0147 01       		.byte	0x1
 1055 0148 11       		.uleb128 0x11
ARM GAS  C:\Users\ADMINI~1\AppData\Local\Temp\cc1EWm5S.s 			page 25


 1056 0149 01       		.uleb128 0x1
 1057 014a 12       		.uleb128 0x12
 1058 014b 06       		.uleb128 0x6
 1059 014c 00       		.byte	0
 1060 014d 00       		.byte	0
 1061 014e 1B       		.uleb128 0x1b
 1062 014f 34       		.uleb128 0x34
 1063 0150 00       		.byte	0
 1064 0151 03       		.uleb128 0x3
 1065 0152 08       		.uleb128 0x8
 1066 0153 3A       		.uleb128 0x3a
 1067 0154 0B       		.uleb128 0xb
 1068 0155 3B       		.uleb128 0x3b
 1069 0156 05       		.uleb128 0x5
 1070 0157 49       		.uleb128 0x49
 1071 0158 13       		.uleb128 0x13
 1072 0159 02       		.uleb128 0x2
 1073 015a 17       		.uleb128 0x17
 1074 015b 00       		.byte	0
 1075 015c 00       		.byte	0
 1076 015d 1C       		.uleb128 0x1c
 1077 015e 2E       		.uleb128 0x2e
 1078 015f 01       		.byte	0x1
 1079 0160 3F       		.uleb128 0x3f
 1080 0161 19       		.uleb128 0x19
 1081 0162 03       		.uleb128 0x3
 1082 0163 0E       		.uleb128 0xe
 1083 0164 27       		.uleb128 0x27
 1084 0165 19       		.uleb128 0x19
 1085 0166 49       		.uleb128 0x49
 1086 0167 13       		.uleb128 0x13
 1087 0168 34       		.uleb128 0x34
 1088 0169 19       		.uleb128 0x19
 1089 016a 3C       		.uleb128 0x3c
 1090 016b 19       		.uleb128 0x19
 1091 016c 01       		.uleb128 0x1
 1092 016d 13       		.uleb128 0x13
 1093 016e 00       		.byte	0
 1094 016f 00       		.byte	0
 1095 0170 1D       		.uleb128 0x1d
 1096 0171 05       		.uleb128 0x5
 1097 0172 00       		.byte	0
 1098 0173 49       		.uleb128 0x49
 1099 0174 13       		.uleb128 0x13
 1100 0175 00       		.byte	0
 1101 0176 00       		.byte	0
 1102 0177 1E       		.uleb128 0x1e
 1103 0178 2E       		.uleb128 0x2e
 1104 0179 00       		.byte	0
 1105 017a 3F       		.uleb128 0x3f
 1106 017b 19       		.uleb128 0x19
 1107 017c 03       		.uleb128 0x3
 1108 017d 0E       		.uleb128 0xe
 1109 017e 3A       		.uleb128 0x3a
 1110 017f 0B       		.uleb128 0xb
 1111 0180 3B       		.uleb128 0x3b
 1112 0181 0B       		.uleb128 0xb
ARM GAS  C:\Users\ADMINI~1\AppData\Local\Temp\cc1EWm5S.s 			page 26


 1113 0182 27       		.uleb128 0x27
 1114 0183 19       		.uleb128 0x19
 1115 0184 3C       		.uleb128 0x3c
 1116 0185 19       		.uleb128 0x19
 1117 0186 00       		.byte	0
 1118 0187 00       		.byte	0
 1119 0188 1F       		.uleb128 0x1f
 1120 0189 2E       		.uleb128 0x2e
 1121 018a 01       		.byte	0x1
 1122 018b 3F       		.uleb128 0x3f
 1123 018c 19       		.uleb128 0x19
 1124 018d 03       		.uleb128 0x3
 1125 018e 0E       		.uleb128 0xe
 1126 018f 3A       		.uleb128 0x3a
 1127 0190 0B       		.uleb128 0xb
 1128 0191 3B       		.uleb128 0x3b
 1129 0192 0B       		.uleb128 0xb
 1130 0193 27       		.uleb128 0x27
 1131 0194 19       		.uleb128 0x19
 1132 0195 3C       		.uleb128 0x3c
 1133 0196 19       		.uleb128 0x19
 1134 0197 01       		.uleb128 0x1
 1135 0198 13       		.uleb128 0x13
 1136 0199 00       		.byte	0
 1137 019a 00       		.byte	0
 1138 019b 20       		.uleb128 0x20
 1139 019c 2E       		.uleb128 0x2e
 1140 019d 01       		.byte	0x1
 1141 019e 3F       		.uleb128 0x3f
 1142 019f 19       		.uleb128 0x19
 1143 01a0 03       		.uleb128 0x3
 1144 01a1 0E       		.uleb128 0xe
 1145 01a2 3A       		.uleb128 0x3a
 1146 01a3 0B       		.uleb128 0xb
 1147 01a4 3B       		.uleb128 0x3b
 1148 01a5 0B       		.uleb128 0xb
 1149 01a6 27       		.uleb128 0x27
 1150 01a7 19       		.uleb128 0x19
 1151 01a8 49       		.uleb128 0x49
 1152 01a9 13       		.uleb128 0x13
 1153 01aa 3C       		.uleb128 0x3c
 1154 01ab 19       		.uleb128 0x19
 1155 01ac 01       		.uleb128 0x1
 1156 01ad 13       		.uleb128 0x13
 1157 01ae 00       		.byte	0
 1158 01af 00       		.byte	0
 1159 01b0 21       		.uleb128 0x21
 1160 01b1 2E       		.uleb128 0x2e
 1161 01b2 01       		.byte	0x1
 1162 01b3 3F       		.uleb128 0x3f
 1163 01b4 19       		.uleb128 0x19
 1164 01b5 03       		.uleb128 0x3
 1165 01b6 0E       		.uleb128 0xe
 1166 01b7 3A       		.uleb128 0x3a
 1167 01b8 0B       		.uleb128 0xb
 1168 01b9 3B       		.uleb128 0x3b
 1169 01ba 0B       		.uleb128 0xb
ARM GAS  C:\Users\ADMINI~1\AppData\Local\Temp\cc1EWm5S.s 			page 27


 1170 01bb 27       		.uleb128 0x27
 1171 01bc 19       		.uleb128 0x19
 1172 01bd 3C       		.uleb128 0x3c
 1173 01be 19       		.uleb128 0x19
 1174 01bf 00       		.byte	0
 1175 01c0 00       		.byte	0
 1176 01c1 00       		.byte	0
 1177              		.section	.debug_loc,"",%progbits
 1178              	.Ldebug_loc0:
 1179              	.LLST0:
 1180 0000 00000000 		.4byte	.LVL0
 1181 0004 09000000 		.4byte	.LVL2-1
 1182 0008 0100     		.2byte	0x1
 1183 000a 50       		.byte	0x50
 1184 000b 09000000 		.4byte	.LVL2-1
 1185 000f 0C000000 		.4byte	.LFE2
 1186 0013 0400     		.2byte	0x4
 1187 0015 F3       		.byte	0xf3
 1188 0016 01       		.uleb128 0x1
 1189 0017 50       		.byte	0x50
 1190 0018 9F       		.byte	0x9f
 1191 0019 00000000 		.4byte	0
 1192 001d 00000000 		.4byte	0
 1193              	.LLST1:
 1194 0021 00000000 		.4byte	.LVL0
 1195 0025 06000000 		.4byte	.LVL1
 1196 0029 0100     		.2byte	0x1
 1197 002b 51       		.byte	0x51
 1198 002c 06000000 		.4byte	.LVL1
 1199 0030 09000000 		.4byte	.LVL2-1
 1200 0034 0100     		.2byte	0x1
 1201 0036 52       		.byte	0x52
 1202 0037 09000000 		.4byte	.LVL2-1
 1203 003b 0C000000 		.4byte	.LFE2
 1204 003f 0400     		.2byte	0x4
 1205 0041 F3       		.byte	0xf3
 1206 0042 01       		.uleb128 0x1
 1207 0043 51       		.byte	0x51
 1208 0044 9F       		.byte	0x9f
 1209 0045 00000000 		.4byte	0
 1210 0049 00000000 		.4byte	0
 1211              	.LLST2:
 1212 004d B6000000 		.4byte	.LVL11
 1213 0051 BA000000 		.4byte	.LVL12
 1214 0055 0200     		.2byte	0x2
 1215 0057 30       		.byte	0x30
 1216 0058 9F       		.byte	0x9f
 1217 0059 BA000000 		.4byte	.LVL12
 1218 005d DA000000 		.4byte	.LVL14
 1219 0061 0100     		.2byte	0x1
 1220 0063 54       		.byte	0x54
 1221 0064 DC000000 		.4byte	.LVL15
 1222 0068 1E010000 		.4byte	.LVL18
 1223 006c 0100     		.2byte	0x1
 1224 006e 54       		.byte	0x54
 1225 006f 00000000 		.4byte	0
 1226 0073 00000000 		.4byte	0
ARM GAS  C:\Users\ADMINI~1\AppData\Local\Temp\cc1EWm5S.s 			page 28


 1227              	.LLST3:
 1228 0077 BA000000 		.4byte	.LVL12
 1229 007b DA000000 		.4byte	.LVL14
 1230 007f 0B00     		.2byte	0xb
 1231 0081 74       		.byte	0x74
 1232 0082 00       		.sleb128 0
 1233 0083 36       		.byte	0x36
 1234 0084 1E       		.byte	0x1e
 1235 0085 03       		.byte	0x3
 1236 0086 00000000 		.4byte	cfg_memset_list.4742
 1237 008a 22       		.byte	0x22
 1238 008b 9F       		.byte	0x9f
 1239 008c DA000000 		.4byte	.LVL14
 1240 0090 DC000000 		.4byte	.LVL15
 1241 0094 0B00     		.2byte	0xb
 1242 0096 74       		.byte	0x74
 1243 0097 7F       		.sleb128 -1
 1244 0098 36       		.byte	0x36
 1245 0099 1E       		.byte	0x1e
 1246 009a 03       		.byte	0x3
 1247 009b 00000000 		.4byte	cfg_memset_list.4742
 1248 009f 22       		.byte	0x22
 1249 00a0 9F       		.byte	0x9f
 1250 00a1 00000000 		.4byte	0
 1251 00a5 00000000 		.4byte	0
 1252              		.section	.debug_aranges,"",%progbits
 1253 0000 34000000 		.4byte	0x34
 1254 0004 0200     		.2byte	0x2
 1255 0006 00000000 		.4byte	.Ldebug_info0
 1256 000a 04       		.byte	0x4
 1257 000b 00       		.byte	0
 1258 000c 0000     		.2byte	0
 1259 000e 0000     		.2byte	0
 1260 0010 00000000 		.4byte	.LFB6
 1261 0014 20000000 		.4byte	.LFE6-.LFB6
 1262 0018 00000000 		.4byte	.LFB2
 1263 001c 0C000000 		.4byte	.LFE2-.LFB2
 1264 0020 00000000 		.4byte	.LFB5
 1265 0024 AC000000 		.4byte	.LFE5-.LFB5
 1266 0028 AC000000 		.4byte	.LFB7
 1267 002c 94000000 		.4byte	.LFE7-.LFB7
 1268 0030 00000000 		.4byte	0
 1269 0034 00000000 		.4byte	0
 1270              		.section	.debug_ranges,"",%progbits
 1271              	.Ldebug_ranges0:
 1272 0000 00000000 		.4byte	.LFB6
 1273 0004 20000000 		.4byte	.LFE6
 1274 0008 00000000 		.4byte	.LFB2
 1275 000c 0C000000 		.4byte	.LFE2
 1276 0010 00000000 		.4byte	.LFB5
 1277 0014 AC000000 		.4byte	.LFE5
 1278 0018 AC000000 		.4byte	.LFB7
 1279 001c 40010000 		.4byte	.LFE7
 1280 0020 00000000 		.4byte	0
 1281 0024 00000000 		.4byte	0
 1282              		.section	.debug_line,"",%progbits
 1283              	.Ldebug_line0:
ARM GAS  C:\Users\ADMINI~1\AppData\Local\Temp\cc1EWm5S.s 			page 29


 1284 0000 54010000 		.section	.debug_str,"MS",%progbits,1
 1284      0200E500 
 1284      00000201 
 1284      FB0E0D00 
 1284      01010101 
 1285              	.LASF28:
 1286 0000 43794465 		.ascii	"CyDelayCycles\000"
 1286      6C617943 
 1286      79636C65 
 1286      7300
 1287              	.LASF19:
 1288 000e 72656733 		.ascii	"reg32\000"
 1288      3200
 1289              	.LASF11:
 1290 0014 73697A65 		.ascii	"size_t\000"
 1290      5F7400
 1291              	.LASF37:
 1292 001b 416E616C 		.ascii	"AnalogSetDefault\000"
 1292      6F675365 
 1292      74446566 
 1292      61756C74 
 1292      00
 1293              	.LASF33:
 1294 002c 4379496E 		.ascii	"CyIntSetVector\000"
 1294      74536574 
 1294      56656374 
 1294      6F7200
 1295              	.LASF26:
 1296 003b 6366675F 		.ascii	"cfg_memset_list\000"
 1296      6D656D73 
 1296      65745F6C 
 1296      69737400 
 1297              	.LASF22:
 1298 004b 436C6F63 		.ascii	"ClockSetup\000"
 1298      6B536574 
 1298      757000
 1299              	.LASF4:
 1300 0056 73686F72 		.ascii	"short unsigned int\000"
 1300      7420756E 
 1300      7369676E 
 1300      65642069 
 1300      6E7400
 1301              	.LASF36:
 1302 0069 5A3A5C64 		.ascii	"Z:\\documents\\projects\\Cypress\\OwnProjects\\Hell"
 1302      6F63756D 
 1302      656E7473 
 1302      5C70726F 
 1302      6A656374 
 1303 0097 6F544C43 		.ascii	"oTLC59731.cydsn\000"
 1303      35393733 
 1303      312E6379 
 1303      64736E00 
 1304              	.LASF15:
 1305 00a7 666C6F61 		.ascii	"float\000"
 1305      7400
 1306              	.LASF24:
 1307 00ad 73697A65 		.ascii	"size\000"
ARM GAS  C:\Users\ADMINI~1\AppData\Local\Temp\cc1EWm5S.s 			page 30


 1307      00
 1308              	.LASF30:
 1309 00b2 43795379 		.ascii	"CySysClkWcoSetPowerMode\000"
 1309      73436C6B 
 1309      57636F53 
 1309      6574506F 
 1309      7765724D 
 1310              	.LASF18:
 1311 00ca 72656738 		.ascii	"reg8\000"
 1311      00
 1312              	.LASF6:
 1313 00cf 6C6F6E67 		.ascii	"long unsigned int\000"
 1313      20756E73 
 1313      69676E65 
 1313      6420696E 
 1313      7400
 1314              	.LASF12:
 1315 00e1 75696E74 		.ascii	"uint8\000"
 1315      3800
 1316              	.LASF39:
 1317 00e7 43795379 		.ascii	"CySysClkWcoStart\000"
 1317      73436C6B 
 1317      57636F53 
 1317      74617274 
 1317      00
 1318              	.LASF21:
 1319 00f8 43594D45 		.ascii	"CYMEMZERO\000"
 1319      4D5A4552 
 1319      4F00
 1320              	.LASF2:
 1321 0102 756E7369 		.ascii	"unsigned char\000"
 1321      676E6564 
 1321      20636861 
 1321      7200
 1322              	.LASF27:
 1323 0110 6D656D73 		.ascii	"memset\000"
 1323      657400
 1324              	.LASF16:
 1325 0117 646F7562 		.ascii	"double\000"
 1325      6C6500
 1326              	.LASF40:
 1327 011e 4379496E 		.ascii	"CyIntEnable\000"
 1327      74456E61 
 1327      626C6500 
 1328              	.LASF13:
 1329 012a 75696E74 		.ascii	"uint16\000"
 1329      313600
 1330              	.LASF17:
 1331 0131 63797374 		.ascii	"cystatus\000"
 1331      61747573 
 1331      00
 1332              	.LASF14:
 1333 013a 75696E74 		.ascii	"uint32\000"
 1333      333200
 1334              	.LASF0:
 1335 0141 756E7369 		.ascii	"unsigned int\000"
 1335      676E6564 
ARM GAS  C:\Users\ADMINI~1\AppData\Local\Temp\cc1EWm5S.s 			page 31


 1335      20696E74 
 1335      00
 1336              	.LASF38:
 1337 014e 63796669 		.ascii	"cyfitter_cfg\000"
 1337      74746572 
 1337      5F636667 
 1337      00
 1338              	.LASF23:
 1339 015b 61646472 		.ascii	"address\000"
 1339      65737300 
 1340              	.LASF8:
 1341 0163 6C6F6E67 		.ascii	"long long unsigned int\000"
 1341      206C6F6E 
 1341      6720756E 
 1341      7369676E 
 1341      65642069 
 1342              	.LASF20:
 1343 017a 63796973 		.ascii	"cyisraddress\000"
 1343      72616464 
 1343      72657373 
 1343      00
 1344              	.LASF25:
 1345 0187 6366675F 		.ascii	"cfg_memset_t\000"
 1345      6D656D73 
 1345      65745F74 
 1345      00
 1346              	.LASF35:
 1347 0194 2E5C4765 		.ascii	".\\Generated_Source\\PSoC4\\cyfitter_cfg.c\000"
 1347      6E657261 
 1347      7465645F 
 1347      536F7572 
 1347      63655C50 
 1348              	.LASF9:
 1349 01bc 73697A65 		.ascii	"sizetype\000"
 1349      74797065 
 1349      00
 1350              	.LASF7:
 1351 01c5 6C6F6E67 		.ascii	"long long int\000"
 1351      206C6F6E 
 1351      6720696E 
 1351      7400
 1352              	.LASF32:
 1353 01d3 43794465 		.ascii	"CyDelayUs\000"
 1353      6C617955 
 1353      7300
 1354              	.LASF10:
 1355 01dd 63686172 		.ascii	"char\000"
 1355      00
 1356              	.LASF31:
 1357 01e2 43795379 		.ascii	"CySysClkEcoStart\000"
 1357      73436C6B 
 1357      45636F53 
 1357      74617274 
 1357      00
 1358              	.LASF34:
 1359 01f3 474E5520 		.ascii	"GNU C 4.9.3 20150303 (release) [ARM/embedded-4_9-br"
 1359      4320342E 
ARM GAS  C:\Users\ADMINI~1\AppData\Local\Temp\cc1EWm5S.s 			page 32


 1359      392E3320 
 1359      32303135 
 1359      30333033 
 1360 0226 616E6368 		.ascii	"anch revision 221220] -mcpu=cortex-m0 -mthumb -g -O"
 1360      20726576 
 1360      6973696F 
 1360      6E203232 
 1360      31323230 
 1361 0259 67202D66 		.ascii	"g -ffunction-sections -ffat-lto-objects\000"
 1361      66756E63 
 1361      74696F6E 
 1361      2D736563 
 1361      74696F6E 
 1362              	.LASF3:
 1363 0281 73686F72 		.ascii	"short int\000"
 1363      7420696E 
 1363      7400
 1364              	.LASF29:
 1365 028b 43795379 		.ascii	"CySysClkWriteImoFreq\000"
 1365      73436C6B 
 1365      57726974 
 1365      65496D6F 
 1365      46726571 
 1366              	.LASF5:
 1367 02a0 6C6F6E67 		.ascii	"long int\000"
 1367      20696E74 
 1367      00
 1368              	.LASF1:
 1369 02a9 7369676E 		.ascii	"signed char\000"
 1369      65642063 
 1369      68617200 
 1370              		.ident	"GCC: (GNU Tools for ARM Embedded Processors) 4.9.3 20150303 (release) [ARM/embedded-4_9-br
